[Licensing::Module] Trying to connect to existing licensing client channel...
Built from '6000.6/respin/6000.6.0f1-fa21a270ab12' branch; Version is '6000.6.0f1 (f7f8ed4d1e24) revision 16251117'; Using compiler version '194234433'; Build Type 'Release'
[Licensing::IpcConnector] Successfully connected to: "LicenseClient-ASUS TUF" at "2026-09-06T20:25:47.5680356Z"
OS: 'Windows 11  (10.0.26200) CoreSingleLanguage' Language: 'en' Physical Memory: 16122 MB
BatchMode: 1, IsHumanControllingUs: 0, StartBugReporterOnCrash: 0, Is64bit: 1
System  architecture: x64
Process architecture: x64
Date: 2026-09-06T20:25:47Z
[Licensing::Client] Code 10 while verifying Licensing Client signature (process Id: 21828, path: "C:/Program Files/Unity Hub/UnityLicensingClient_V1/Unity.Licensing.Client.exe")
[Licensing::Module] LicensingClient has failed validation; ignoring
[Licensing::Client] Handshaking with LicensingClient:
  Version:                 1.18.3+d7ffd15
  Session Id:              77b96d4925a34b5e996b2298ffd1383e
  Correlation Id:          37bd0885788e2ce261e269fe43c6c890
  External correlation Id: 5281569125820549769
  Machine Id:              L0lUctDYjdu2PABYPBd9PP2x3iQ=
[Licensing::Module] Successfully connected to LicensingClient on channel: "LicenseClient-ASUS TUF" (connect: 0.00s, validation: 0.00s, handshake: 0.06s)
[Licensing::IpcConnector] Successfully connected to: "LicenseClient-ASUS TUF-notifications" at "2026-09-06T20:25:47.6298751Z"
[Licensing::Module] Licensing Background thread has ended after 0.06s

COMMAND LINE ARGUMENTS:
C:\Program Files\Unity\Hub\Editor\6000.6.0f1\Editor\Unity.exe
-adb2
-batchMode
-noUpm
-name
AssetImportWorkerHW2
-projectPath
C:/Users/ASUS TUF/Documents/GitHub/My project (1)
-logFile
Logs/AssetImportWorkerHW2.log
-srvPort
55751
-parentPid
7044
-analyticsCloudUserId
18968041552228
-analyticsCloudProjectId
f495448b-fb41-4bb5-acc1-87e69395cbb5
-analyticsLocalProjectId
540a180b73a55a34999ff5f0c5e18e05
-editorAnalyticsEnabled
1
-cbmEditorLicense
d7c24d37037a76d6a25669a6389043e6443421b6
-cbmMachineId
L0lUctDYjdu2PABYPBd9PP2x3iQ=
-licensingIpc
LicenseClient-ASUS TUF
-noDiagnosticSwitchPersistentStore
-job-worker-count
5
-background-job-worker-count
8
-asset-garbage-collectors
1
-force-d3d12
-name
AssetImport
Successfully changed project path to: C:/Users/ASUS TUF/Documents/GitHub/My project (1)
C:/Users/ASUS TUF/Documents/GitHub/My project (1)
[UnityMemory] Configuration Parameters - Can be set up in boot.config
    "memorysetup-temp-allocator-size-gi-baking-worker=262144"
    "memorysetup-temp-allocator-size-gi-baking-worker=262144"
    "memorysetup-temp-allocator-size-gi-baking-worker=262144"
    "memorysetup-temp-allocator-size-gi-baking-worker=262144"
    "memorysetup-temp-allocator-size-gi-baking-worker=262144"
    "memorysetup-temp-allocator-size-nav-mesh-worker=65536"
    "memorysetup-temp-allocator-size-audio-worker=65536"
    "memorysetup-temp-allocator-size-cloud-worker=32768"
    "memorysetup-temp-allocator-size-gfx=262144"
    "memorysetup-remapper-allocator-initial-capacity=32768"
    "memorysetup-temp-allocator-size-preload-manager=33554432"
    "memorysetup-allocator-temp-initial-block-size-main=262144"
    "memorysetup-allocator-temp-initial-block-size-worker=262144"
    "memorysetup-temp-allocator-size-job-worker=262144"
    "memorysetup-temp-allocator-size-background-worker=32768"
    "memorysetup-bucket-allocator-granularity=16"
    "memorysetup-bucket-allocator-bucket-count=8"
    "memorysetup-bucket-allocator-block-size=33554432"
    "memorysetup-bucket-allocator-block-count=8"
    "memorysetup-main-allocator-block-size=16777216"
    "memorysetup-thread-allocator-block-size=16777216"
    "memorysetup-main-allocator-mimalloc-enabled=1"
    "memorysetup-gfx-main-allocator-block-size=16777216"
    "memorysetup-gfx-thread-allocator-block-size=16777216"
    "memorysetup-cache-allocator-block-size=4194304"
    "memorysetup-typetree-allocator-block-size=2097152"
    "memorysetup-profiler-bucket-allocator-granularity=16"
    "memorysetup-profiler-bucket-allocator-bucket-count=8"
    "memorysetup-profiler-bucket-allocator-block-size=33554432"
    "memorysetup-profiler-bucket-allocator-block-count=8"
    "memorysetup-profiler-allocator-block-size=16777216"
    "memorysetup-profiler-editor-allocator-block-size=1048576"
    "memorysetup-temp-allocator-size-main=16777216"
    "memorysetup-job-temp-allocator-block-size=2097152"
    "memorysetup-job-temp-allocator-block-size-background=1048576"
    "memorysetup-job-temp-allocator-reduction-small-platforms=262144"
Player connection [5684]  Target information:

Player connection [5684]  * "[IP] 192.168.1.101 [Port] 0 [Flags] 2 [Guid] 1658102798 [EditorId] 1658102798 [Version] 1048832 [Id] WindowsEditor(7,DESKTOP-2T8NT55) [Debug] 1 [PackageName] WindowsEditor [ProjectName] Editor" 

Player connection [5684] Host joined multi-casting on [225.0.0.222:54997]...
Player connection [5684] Host joined alternative multi-casting on [225.0.0.222:34997]...
JobSystem: Creating JobQueue using job-worker-count value 5
Input System module state changed to: Initialized.
[Physics::Module] Initialized fallback backend.
[Physics::Module] Id: 0xdecafbad
Library Redirect Path: Library/
Initialising UDS system complete:
  - System type: Client
  - Resource namespace: bed056eef80a33148f45a1c11c925fd0
  - Shared memory size: 1073741824
  - Command buffer id: 1052576
  - Command buffer size: 8192
  - Hashmap size: 4194304
  - Service connected: true
  - Service working directory: Library/DataStore/
[Physics::Module] Selected backend.
[Physics::Module] Name: PhysX
[Physics::Module] Id: 0xf2b8ea05
[Physics::Module] SDK Version: 4.1.2
[Physics::Module] Integration Version: 1.0.0
[Physics::Module] Threading Mode: Multi-Threaded
Refreshing native plugins compatible for Editor in 4.03 ms, found 4 plugins.
Initialize engine version: 6000.6.0f1 (f7f8ed4d1e24)
[EntityIdStore] init: VM path (explicit commit), pageSize=4096, blockCount=1048576, entitiesPerBlock=256, slots reserved=4294967296 bytes
[Subsystems] Discovering subsystems at path C:/Program Files/Unity/Hub/Editor/6000.6.0f1/Editor/Data/Resources/UnitySubsystems
[Subsystems] Discovering subsystems at path C:/Users/ASUS TUF/Documents/GitHub/My project (1)/Assets
Forcing GfxDevice: Direct3D 12
GfxDevice: creating device client; kGfxThreadingModeNonThreaded
d3d12: failed to query info queue interface (0x80004002).
Direct3D:
    Version:         Direct3D 12 [level 12.2]
    Renderer:        NVIDIA GeForce RTX 3050 Laptop GPU (ID=0x25a2)
    Vendor:          NVIDIA
    VRAM:            3962 MB
    App VRAM Budget: 3367 MB
    Driver:          32.0.16.1656
Initialize mono
Mono path[0] = 'C:/Program Files/Unity/Hub/Editor/6000.6.0f1/Editor/Data/Managed'
Mono path[1] = 'C:/Program Files/Unity/Hub/Editor/6000.6.0f1/Editor/Data/BCLExtensions/runtime/netstandard2.1'
Mono path[2] = 'C:/Program Files/Unity/Hub/Editor/6000.6.0f1/Editor/Data/MonoBleedingEdge/lib/mono/unityjit-win32'
Mono config path = 'C:/Program Files/Unity/Hub/Editor/6000.6.0f1/Editor/Data/MonoBleedingEdge/etc'
Using monoOptions --debugger-agent=transport=dt_socket,embedding=1,server=y,suspend=n,address=127.0.0.1:56236
CodeReloadManager initialized
Begin MonoManager ReloadAssembly
Registering precompiled unity dll's ...
Register platform support module: C:/Program Files/Unity/Hub/Editor/6000.6.0f1/Editor/Data/PlaybackEngines/WindowsStandaloneSupport/UnityEditor.WindowsStandalone.Extensions.dll
Registered in 0.001630 seconds.
Native extension for WindowsStandalone target not found
Package Manager log level set to [2]
[Package Manager] Failed to launch server process. Reason: Unity was launched with the -noUpm command-line argument
[Package Manager] Unable to send message (not connected to server process).
[Package Manager] Cannot connect to Unity Package Manager local server
ScheduleIndexationOnStartup MainProcess:False IndexOnStartup:True
Scripting: successfully reloaded assembly
- Finished resetting the current domain, in  0.497 seconds
Domain Reload Profiling: 1099ms
	BeginReloadAssembly (136ms)
	RebuildCommonClasses (5ms)
	RebuildNativeTypeToScriptingClass (22ms)
	initialDomainReloadingComplete (73ms)
	LoadAllAssembliesAndSetupDomain (365ms)
		LoadAssemblies (133ms)
		TypeCache.Refresh (261ms)
			TypeCache.ScanAssembly (244ms)
		AnalyzeDomain (1ms)
	FinalizeReload (498ms)
		SetupLoadedEditorAssemblies (0ms)
			BeforeProcessingInitializeOnLoad (109ms)
			ProcessInitializeOnLoadAttributes (104ms)
			ProcessInitializeOnLoadMethodAttributes (183ms)
Initializing Unity extensions:
[Licensing::Client] Successfully resolved entitlement details
[Licensing::Module] License group:
  Id: 18968041552228-UnityPersXXXX
  Product: Unity Personal
  Type: Assigned
  Expiration: Unlimited
========================================================================
Worker process is ready to serve import requests
Import Worker Mode flag is 0x00
Begin MonoManager ReloadAssembly
Native extension for WindowsStandalone target not found
[Package Manager] Failed to launch server process. Reason: Unity was launched with the -noUpm command-line argument
[Package Manager] Unable to send message (not connected to server process).
[Package Manager] Cannot connect to Unity Package Manager local server
[Package Manager] Failed to launch server process. Reason: Unity was launched with the -noUpm command-line argument
[Package Manager] Unable to send message (not connected to server process).
[Package Manager] Cannot connect to Unity Package Manager local server
ScheduleIndexationOnStartup MainProcess:False IndexOnStartup:True
Scripting: successfully reloaded assembly
- Finished resetting the current domain, in  0.621 seconds
Domain Reload Profiling: 1472ms
	BeginReloadAssembly (221ms)
		DisableScriptedObjects (11ms)
		CreateAndSetChildDomain (35ms)
	RebuildCommonClasses (10ms)
	RebuildNativeTypeToScriptingClass (19ms)
	initialDomainReloadingComplete (57ms)
	LoadAllAssembliesAndSetupDomain (542ms)
		LoadAssemblies (304ms)
		TypeCache.Refresh (167ms)
			TypeCache.ScanAssembly (152ms)
		AnalyzeDomain (48ms)
			BuildScriptInfoCaches (44ms)
			ResolveRequiredComponents (3ms)
	FinalizeReload (622ms)
		SetupLoadedEditorAssemblies (0ms)
			BeforeProcessingInitializeOnLoad (108ms)
			ProcessInitializeOnLoadAttributes (253ms)
			ProcessInitializeOnLoadMethodAttributes (34ms)
			AfterProcessingInitializeOnLoad (5ms)
		AwakeInstancesAfterBackupRestoration (8ms)
AcceleratorClientConnectionCallback - disconnected - :0
Launched and connected shader compiler UnityShaderCompiler.exe after 0.01 seconds
Unloading 0 Unused Serialized files (Serialized files now loaded: 0)
Unloading 4363 unused Assets / (1.7 MB). Loaded Objects now: 5038.
Memory consumption went from 269.5 MB to 267.8 MB.
Total: 6.846900 ms (FindLiveObjects: 1.104300 ms CreateObjectMapping: 0.301800 ms MarkObjects: 4.486500 ms  DeleteObjects: 0.729600 ms)

========================================================================
Received Prepare
AcceleratorClientConnectionCallback - disconnected - :0
Refreshing native plugins compatible for Editor in 2.26 ms, found 4 plugins.
Unloading 0 Unused Serialized files (Serialized files now loaded: 0)
Unloading 0 unused Assets / (0 B). Loaded Objects now: 5038.
Memory consumption went from 264.9 MB to 264.9 MB.
Total: 8.746100 ms (FindLiveObjects: 0.905300 ms CreateObjectMapping: 0.291400 ms MarkObjects: 7.234300 ms  DeleteObjects: 0.022300 ms)

Prepare: number of updated asset objects reloaded= 0
========================================================================
Received Import Request.
  Time of request: 2026-09-06T20:26:05.6358023Z
  Time since last request: 210389.76942150000832 seconds.
  importAddress: GUID: eb760812ceee7344daf84f9032a96dfd - Path: Assets/art/93ace52ded22759462a8658672dbd0d1.jpg - Importer: ScriptedImporter/UnityEditor.QuickSearchModule:UnityEditor.Search:ASIAI0B
Importing 'GUID: eb760812ceee7344daf84f9032a96dfd - Path: Assets/art/93ace52ded22759462a8658672dbd0d1.jpg - Importer: ScriptedImporter/UnityEditor.QuickSearchModule:UnityEditor.Search:ASIAI0B' with importer (ScriptedImporter : UnityEditor.QuickSearchModule:UnityEditor.Search:ASIAI0B)
Imported 'GUID: eb760812ceee7344daf84f9032a96dfd' -> (Import Result ID: 'a9a77313c8381749d3d29bdfde03fd65') in 0.117 seconds [static and dynamic dependencies]. Details - ImportResultOutputID=88f478e23b75cb00112edbaf2cc75769 DependenciesID=3dedff9ee39c3041d72df724690151f0 StaticDependenciesID=f467da5b3d4c3a15ccd12fe72d5c186a 
Number of updated asset objects reloaded before import = 0
Number of asset objects unloaded after import = 1
========================================================================
Received Prepare
AcceleratorClientConnectionCallback - disconnected - :0
Refreshing native plugins compatible for Editor in 2.67 ms, found 4 plugins.
Unloading 0 Unused Serialized files (Serialized files now loaded: 0)
Unloading 4351 unused Assets / (2.1 MB). Loaded Objects now: 5041.
Memory consumption went from 270.5 MB to 268.4 MB.
Total: 10.572700 ms (FindLiveObjects: 1.009500 ms CreateObjectMapping: 0.349000 ms MarkObjects: 7.789800 ms  DeleteObjects: 1.160000 ms)

Prepare: number of updated asset objects reloaded= 0
========================================================================
Received Import Request.
  Time of request: 2026-09-06T20:26:48.1640475Z
  Time since last request: 42.4091465 seconds.
  importAddress: GUID: d8b011ad1795dd84d9eb03f7eb3fabe0 - Path: Assets/New Folder/ChangeSceneOnCollision.cs - Importer: PreviewImporter
Importing 'GUID: d8b011ad1795dd84d9eb03f7eb3fabe0 - Path: Assets/New Folder/ChangeSceneOnCollision.cs - Importer: PreviewImporter' with importer (PreviewImporter)
Imported 'GUID: d8b011ad1795dd84d9eb03f7eb3fabe0' -> (Import Result ID: 'd9814ec9be77f5701225606598c8afd3') in 0.001 seconds [static and dynamic dependencies]. Details - ImportResultOutputID=de20120d376d3ab8b53aa5e9ecbc2d8b DependenciesID=82aed59aa4a39d99cdd91868c2e7dfd4 StaticDependenciesID=bd9d1c4e1ce5608c4f82cd4e9609f411 
Number of updated asset objects reloaded before import = 0
Number of asset objects unloaded after import = 0
========================================================================
Received Import Request.
  Time of request: 2026-09-06T20:26:48.9107056Z
  Time since last request: 0.7450362 seconds.
  importAddress: GUID: d8b011ad1795dd84d9eb03f7eb3fabe0 - Path: Assets/New Folder/ChangeSceneOnCollision.cs - Importer: ScriptedImporter/UnityEditor.QuickSearchModule:UnityEditor.Search:ASIAI0B
Importing 'GUID: d8b011ad1795dd84d9eb03f7eb3fabe0 - Path: Assets/New Folder/ChangeSceneOnCollision.cs - Importer: ScriptedImporter/UnityEditor.QuickSearchModule:UnityEditor.Search:ASIAI0B' with importer (ScriptedImporter : UnityEditor.QuickSearchModule:UnityEditor.Search:ASIAI0B)
Imported 'GUID: d8b011ad1795dd84d9eb03f7eb3fabe0' -> (Import Result ID: 'f7b54ff7c266121bb2475fb2a9d44a72') in 0.010 seconds [static and dynamic dependencies]. Details - ImportResultOutputID=55ba36063c8355c8eafa1cb3117fa3f0 DependenciesID=c567e448f749991114514ca16ca96acd StaticDependenciesID=1009342eb70eff4eef51572d3e06e25e 
Number of updated asset objects reloaded before import = 0
Number of asset objects unloaded after import = 0
========================================================================
Received Prepare
AcceleratorClientConnectionCallback - disconnected - :0
[Licensing::Client] Successfully resolved entitlement details
Begin MonoManager ReloadAssembly
Native extension for WindowsStandalone target not found
[Package Manager] Failed to launch server process. Reason: Unity was launched with the -noUpm command-line argument
[Package Manager] Unable to send message (not connected to server process).
[Package Manager] Cannot connect to Unity Package Manager local server
[Package Manager] Failed to launch server process. Reason: Unity was launched with the -noUpm command-line argument
[Package Manager] Unable to send message (not connected to server process).
[Package Manager] Cannot connect to Unity Package Manager local server
ScheduleIndexationOnStartup MainProcess:False IndexOnStartup:True
Scripting: successfully reloaded assembly
- Finished resetting the current domain, in  0.734 seconds
Domain Reload Profiling: 1854ms
	BeginReloadAssembly (379ms)
		DisableScriptedObjects (21ms)
		CreateAndSetChildDomain (88ms)
	RebuildCommonClasses (13ms)
	RebuildNativeTypeToScriptingClass (26ms)
	initialDomainReloadingComplete (70ms)
	LoadAllAssembliesAndSetupDomain (630ms)
		LoadAssemblies (396ms)
		TypeCache.Refresh (13ms)
		AnalyzeDomain (215ms)
			BuildScriptInfoCaches (209ms)
			ResolveRequiredComponents (4ms)
	FinalizeReload (737ms)
		SetupLoadedEditorAssemblies (0ms)
			BeforeProcessingInitializeOnLoad (130ms)
			ProcessInitializeOnLoadAttributes (275ms)
			ProcessInitializeOnLoadMethodAttributes (57ms)
			AfterProcessingInitializeOnLoad (7ms)
		AwakeInstancesAfterBackupRestoration (11ms)
Refreshing native plugins compatible for Editor in 2.40 ms, found 4 plugins.
Unloading 0 Unused Serialized files (Serialized files now loaded: 0)
Unloading 4362 unused Assets / (1.2 MB). Loaded Objects now: 5042.
Memory consumption went from 272.5 MB to 271.3 MB.
Total: 8.515600 ms (FindLiveObjects: 1.323300 ms CreateObjectMapping: 0.603700 ms MarkObjects: 5.518600 ms  DeleteObjects: 0.795600 ms)

Prepare: number of updated asset objects reloaded= 0
========================================================================
Received Prepare
AcceleratorClientConnectionCallback - disconnected - :0
Begin MonoManager ReloadAssembly
Native extension for WindowsStandalone target not found
[Package Manager] Failed to launch server process. Reason: Unity was launched with the -noUpm command-line argument
[Package Manager] Unable to send message (not connected to server process).
[Package Manager] Cannot connect to Unity Package Manager local server
[Package Manager] Failed to launch server process. Reason: Unity was launched with the -noUpm command-line argument
[Package Manager] Unable to send message (not connected to server process).
[Package Manager] Cannot connect to Unity Package Manager local server
ScheduleIndexationOnStartup MainProcess:False IndexOnStartup:True
Scripting: successfully reloaded assembly
- Finished resetting the current domain, in  0.673 seconds
Domain Reload Profiling: 1796ms
	BeginReloadAssembly (312ms)
		DisableScriptedObjects (16ms)
		CreateAndSetChildDomain (60ms)
	RebuildCommonClasses (14ms)
	RebuildNativeTypeToScriptingClass (22ms)
	initialDomainReloadingComplete (77ms)
	LoadAllAssembliesAndSetupDomain (698ms)
		LoadAssemblies (376ms)
		TypeCache.Refresh (15ms)
		AnalyzeDomain (212ms)
			BuildScriptInfoCaches (206ms)
			ResolveRequiredComponents (4ms)
	FinalizeReload (674ms)
		SetupLoadedEditorAssemblies (0ms)
			LogAssemblyErrors (9ms)
			BeforeProcessingInitializeOnLoad (122ms)
			ProcessInitializeOnLoadAttributes (267ms)
			ProcessInitializeOnLoadMethodAttributes (44ms)
			AfterProcessingInitializeOnLoad (7ms)
		AwakeInstancesAfterBackupRestoration (11ms)
Refreshing native plugins compatible for Editor in 2.23 ms, found 4 plugins.
Unloading 0 Unused Serialized files (Serialized files now loaded: 0)
Unloading 4362 unused Assets / (1.2 MB). Loaded Objects now: 5043.
Memory consumption went from 272.7 MB to 271.5 MB.
Total: 7.172300 ms (FindLiveObjects: 1.146600 ms CreateObjectMapping: 0.389700 ms MarkObjects: 4.624700 ms  DeleteObjects: 0.773500 ms)

Prepare: number of updated asset objects reloaded= 0
========================================================================
Received Import Request.
  Time of request: 2026-09-06T20:28:43.733104Z
  Time since last request: 114.8123765 seconds.
  importAddress: GUID: d8b011ad1795dd84d9eb03f7eb3fabe0 - Path: Assets/New Folder/ChangeSceneOnCollision.cs - Importer: ScriptedImporter/UnityEditor.QuickSearchModule:UnityEditor.Search:ASIAI0B
Importing 'GUID: d8b011ad1795dd84d9eb03f7eb3fabe0 - Path: Assets/New Folder/ChangeSceneOnCollision.cs - Importer: ScriptedImporter/UnityEditor.QuickSearchModule:UnityEditor.Search:ASIAI0B' with importer (ScriptedImporter : UnityEditor.QuickSearchModule:UnityEditor.Search:ASIAI0B)
Imported 'GUID: d8b011ad1795dd84d9eb03f7eb3fabe0' -> (Import Result ID: '0edd3f124053a9f0d41f9dad05551106') in 0.085 seconds [static and dynamic dependencies]. Details - ImportResultOutputID=efe28f55847df57a6beb021825dc8b9b DependenciesID=1388b4c3d950009163efb64f7feac149 StaticDependenciesID=3313236ffae3c51da98a6466fc054d01 
Number of updated asset objects reloaded before import = 0
Number of asset objects unloaded after import = 0
========================================================================
Received Prepare
AcceleratorClientConnectionCallback - disconnected - :0
[Licensing::Client] Successfully resolved entitlement details
Begin MonoManager ReloadAssembly
Refreshing native plugins compatible for Editor in 2.40 ms, found 4 plugins.
Native extension for WindowsStandalone target not found
[Package Manager] Failed to launch server process. Reason: Unity was launched with the -noUpm command-line argument
[Package Manager] Unable to send message (not connected to server process).
[Package Manager] Cannot connect to Unity Package Manager local server
[Package Manager] Failed to launch server process. Reason: Unity was launched with the -noUpm command-line argument
[Package Manager] Unable to send message (not connected to server process).
[Package Manager] Cannot connect to Unity Package Manager local server
ScheduleIndexationOnStartup MainProcess:False IndexOnStartup:True
Scripting: successfully reloaded assembly
- Finished resetting the current domain, in  0.726 seconds
Domain Reload Profiling: 1567ms
	BeginReloadAssembly (321ms)
		DisableScriptedObjects (14ms)
		CreateAndSetChildDomain (64ms)
	RebuildCommonClasses (12ms)
	RebuildNativeTypeToScriptingClass (22ms)
	initialDomainReloadingComplete (78ms)
	LoadAllAssembliesAndSetupDomain (406ms)
		LoadAssemblies (371ms)
		TypeCache.Refresh (10ms)
		AnalyzeDomain (7ms)
			ResolveRequiredComponents (4ms)
	FinalizeReload (727ms)
		SetupLoadedEditorAssemblies (0ms)
			BeforeProcessingInitializeOnLoad (135ms)
			ProcessInitializeOnLoadAttributes (292ms)
			ProcessInitializeOnLoadMethodAttributes (42ms)
			AfterProcessingInitializeOnLoad (6ms)
		AwakeInstancesAfterBackupRestoration (10ms)
Unloading 0 Unused Serialized files (Serialized files now loaded: 0)
Unloading 4362 unused Assets / (1.3 MB). Loaded Objects now: 5044.
Memory consumption went from 273.3 MB to 272.1 MB.
Total: 7.817800 ms (FindLiveObjects: 1.125400 ms CreateObjectMapping: 0.312600 ms MarkObjects: 5.353100 ms  DeleteObjects: 0.743800 ms)

Prepare: number of updated asset objects reloaded= 0
========================================================================
Received Prepare
AcceleratorClientConnectionCallback - disconnected - :0
Begin MonoManager ReloadAssembly
Native extension for WindowsStandalone target not found
[Package Manager] Failed to launch server process. Reason: Unity was launched with the -noUpm command-line argument
[Package Manager] Unable to send message (not connected to server process).
[Package Manager] Cannot connect to Unity Package Manager local server
[Package Manager] Failed to launch server process. Reason: Unity was launched with the -noUpm command-line argument
[Package Manager] Unable to send message (not connected to server process).
[Package Manager] Cannot connect to Unity Package Manager local server
ScheduleIndexationOnStartup MainProcess:False IndexOnStartup:True
Scripting: successfully reloaded assembly
- Finished resetting the current domain, in  0.793 seconds
Domain Reload Profiling: 1569ms
	BeginReloadAssembly (290ms)
		DisableScriptedObjects (15ms)
		CreateAndSetChildDomain (60ms)
	RebuildCommonClasses (12ms)
	RebuildNativeTypeToScriptingClass (23ms)
	initialDomainReloadingComplete (71ms)
	LoadAllAssembliesAndSetupDomain (377ms)
		LoadAssemblies (344ms)
		TypeCache.Refresh (11ms)
		AnalyzeDomain (6ms)
			ResolveRequiredComponents (3ms)
	FinalizeReload (796ms)
		SetupLoadedEditorAssemblies (0ms)
			BeforeProcessingInitializeOnLoad (149ms)
			ProcessInitializeOnLoadAttributes (326ms)
			ProcessInitializeOnLoadMethodAttributes (51ms)
			AfterProcessingInitializeOnLoad (8ms)
		AwakeInstancesAfterBackupRestoration (13ms)
Unloading 0 Unused Serialized files (Serialized files now loaded: 0)
Unloading 4362 unused Assets / (1.3 MB). Loaded Objects now: 5045.
Memory consumption went from 273.6 MB to 272.3 MB.
Total: 7.329200 ms (FindLiveObjects: 1.189900 ms CreateObjectMapping: 0.359200 ms MarkObjects: 4.791500 ms  DeleteObjects: 0.726700 ms)

Prepare: number of updated asset objects reloaded= 0
========================================================================
Received Prepare
AcceleratorClientConnectionCallback - disconnected - :0
Refreshing native plugins compatible for Editor in 2.82 ms, found 4 plugins.
Unloading 0 Unused Serialized files (Serialized files now loaded: 0)
Unloading 4351 unused Assets / (1.2 MB). Loaded Objects now: 5045.
Memory consumption went from 273.9 MB to 272.7 MB.
Total: 12.354900 ms (FindLiveObjects: 1.552200 ms CreateObjectMapping: 0.529000 ms MarkObjects: 8.946200 ms  DeleteObjects: 0.962100 ms)

Prepare: number of updated asset objects reloaded= 0
========================================================================
Received Import Request.
  Time of request: 2026-09-06T20:31:24.6210428Z
  Time since last request: 160.80181300000001 seconds.
  importAddress: GUID: c482481ee9a493a449a90ba86f18194a - Path: Assets/New Folder/PlayerMovement.cs - Importer: PreviewImporter
Importing 'GUID: c482481ee9a493a449a90ba86f18194a - Path: Assets/New Folder/PlayerMovement.cs - Importer: PreviewImporter' with importer (PreviewImporter)
Imported 'GUID: c482481ee9a493a449a90ba86f18194a' -> (Import Result ID: 'a4e3998b6b23480ffa5c1a6250fa547b') in 0.002 seconds [static and dynamic dependencies]. Details - ImportResultOutputID=88759fc57629ce08caf471593d4ad59f DependenciesID=e7a2d9e7794da82cb55c7b073b624610 StaticDependenciesID=2073294a88fadb8f36aeb33b689495c1 
Number of updated asset objects reloaded before import = 0
Number of asset objects unloaded after import = 0
========================================================================
Received Prepare
AcceleratorClientConnectionCallback - disconnected - :0
[Licensing::Client] Successfully resolved entitlement details
Begin MonoManager ReloadAssembly
Native extension for WindowsStandalone target not found
[Package Manager] Failed to launch server process. Reason: Unity was launched with the -noUpm command-line argument
[Package Manager] Unable to send message (not connected to server process).
[Package Manager] Cannot connect to Unity Package Manager local server
[Package Manager] Failed to launch server process. Reason: Unity was launched with the -noUpm command-line argument
[Package Manager] Unable to send message (not connected to server process).
[Package Manager] Cannot connect to Unity Package Manager local server
ScheduleIndexationOnStartup MainProcess:False IndexOnStartup:True
Scripting: successfully reloaded assembly
- Finished resetting the current domain, in  0.997 seconds
Domain Reload Profiling: 2126ms
	BeginReloadAssembly (319ms)
		DisableScriptedObjects (17ms)
		CreateAndSetChildDomain (53ms)
	RebuildCommonClasses (13ms)
	RebuildNativeTypeToScriptingClass (29ms)
	initialDomainReloadingComplete (78ms)
	LoadAllAssembliesAndSetupDomain (688ms)
		LoadAssemblies (395ms)
		TypeCache.Refresh (13ms)
		AnalyzeDomain (242ms)
			BuildScriptInfoCaches (236ms)
			ResolveRequiredComponents (4ms)
	FinalizeReload (999ms)
		SetupLoadedEditorAssemblies (0ms)
			LogAssemblyErrors (3ms)
			BeforeProcessingInitializeOnLoad (200ms)
			ProcessInitializeOnLoadAttributes (407ms)
			ProcessInitializeOnLoadMethodAttributes (59ms)
			AfterProcessingInitializeOnLoad (7ms)
		AwakeInstancesAfterBackupRestoration (13ms)
Refreshing native plugins compatible for Editor in 2.54 ms, found 4 plugins.
Unloading 0 Unused Serialized files (Serialized files now loaded: 0)
Unloading 4362 unused Assets / (1.4 MB). Loaded Objects now: 5046.
Memory consumption went from 276.8 MB to 275.5 MB.
Total: 9.822900 ms (FindLiveObjects: 1.269000 ms CreateObjectMapping: 0.648600 ms MarkObjects: 6.563700 ms  DeleteObjects: 1.022000 ms)

Prepare: number of updated asset objects reloaded= 0
========================================================================
Received Prepare
AcceleratorClientConnectionCallback - disconnected - :0
[Licensing::Client] Successfully resolved entitlement details
Begin MonoManager ReloadAssembly
Native extension for WindowsStandalone target not found
[Package Manager] Failed to launch server process. Reason: Unity was launched with the -noUpm command-line argument
[Package Manager] Unable to send message (not connected to server process).
[Package Manager] Cannot connect to Unity Package Manager local server
[Package Manager] Failed to launch server process. Reason: Unity was launched with the -noUpm command-line argument
[Package Manager] Unable to send message (not connected to server process).
[Package Manager] Cannot connect to Unity Package Manager local server
ScheduleIndexationOnStartup MainProcess:False IndexOnStartup:True
Scripting: successfully reloaded assembly
- Finished resetting the current domain, in  0.744 seconds
Domain Reload Profiling: 1879ms
	BeginReloadAssembly (343ms)
		DisableScriptedObjects (17ms)
		CreateAndSetChildDomain (70ms)
	RebuildCommonClasses (13ms)
	RebuildNativeTypeToScriptingClass (24ms)
	initialDomainReloadingComplete (73ms)
	LoadAllAssembliesAndSetupDomain (682ms)
		LoadAssemblies (449ms)
		TypeCache.Refresh (15ms)
		AnalyzeDomain (200ms)
			BuildScriptInfoCaches (194ms)
			ResolveRequiredComponents (4ms)
	FinalizeReload (745ms)
		SetupLoadedEditorAssemblies (0ms)
			BeforeProcessingInitializeOnLoad (129ms)
			ProcessInitializeOnLoadAttributes (300ms)
			ProcessInitializeOnLoadMethodAttributes (48ms)
			AfterProcessingInitializeOnLoad (9ms)
		AwakeInstancesAfterBackupRestoration (10ms)
Refreshing native plugins compatible for Editor in 2.83 ms, found 4 plugins.
Unloading 0 Unused Serialized files (Serialized files now loaded: 0)
Unloading 4362 unused Assets / (1.1 MB). Loaded Objects now: 5047.
Memory consumption went from 278.7 MB to 277.6 MB.
Total: 7.623100 ms (FindLiveObjects: 1.018300 ms CreateObjectMapping: 0.323400 ms MarkObjects: 5.257200 ms  DeleteObjects: 0.776300 ms)

Prepare: number of updated asset objects reloaded= 0
========================================================================
Received Prepare
AcceleratorClientConnectionCallback - disconnected - :0
Begin MonoManager ReloadAssembly
Refreshing native plugins compatible for Editor in 2.63 ms, found 4 plugins.
Native extension for WindowsStandalone target not found
[Package Manager] Failed to launch server process. Reason: Unity was launched with the -noUpm command-line argument
[Package Manager] Unable to send message (not connected to server process).
[Package Manager] Cannot connect to Unity Package Manager local server
[Package Manager] Failed to launch server process. Reason: Unity was launched with the -noUpm command-line argument
[Package Manager] Unable to send message (not connected to server process).
[Package Manager] Cannot connect to Unity Package Manager local server
ScheduleIndexationOnStartup MainProcess:False IndexOnStartup:True
Scripting: successfully reloaded assembly
- Finished resetting the current domain, in  0.772 seconds
Domain Reload Profiling: 1635ms
	BeginReloadAssembly (332ms)
		DisableScriptedObjects (26ms)
		CreateAndSetChildDomain (71ms)
	RebuildCommonClasses (12ms)
	RebuildNativeTypeToScriptingClass (21ms)
	initialDomainReloadingComplete (74ms)
	LoadAllAssembliesAndSetupDomain (423ms)
		LoadAssemblies (367ms)
		TypeCache.Refresh (12ms)
		AnalyzeDomain (6ms)
			ResolveRequiredComponents (3ms)
	FinalizeReload (773ms)
		SetupLoadedEditorAssemblies (0ms)
			BeforeProcessingInitializeOnLoad (141ms)
			ProcessInitializeOnLoadAttributes (307ms)
			ProcessInitializeOnLoadMethodAttributes (43ms)
			AfterProcessingInitializeOnLoad (5ms)
		AwakeInstancesAfterBackupRestoration (8ms)
Unloading 0 Unused Serialized files (Serialized files now loaded: 0)
Unloading 4362 unused Assets / (1.2 MB). Loaded Objects now: 5048.
Memory consumption went from 279.3 MB to 278.1 MB.
Total: 8.945100 ms (FindLiveObjects: 1.171500 ms CreateObjectMapping: 0.395600 ms MarkObjects: 6.099900 ms  DeleteObjects: 1.014000 ms)

Prepare: number of updated asset objects reloaded= 0
========================================================================
Received Prepare
AcceleratorClientConnectionCallback - disconnected - :0
[Licensing::Client] Successfully resolved entitlement details
Begin MonoManager ReloadAssembly
Native extension for WindowsStandalone target not found
[Package Manager] Failed to launch server process. Reason: Unity was launched with the -noUpm command-line argument
[Package Manager] Unable to send message (not connected to server process).
[Package Manager] Cannot connect to Unity Package Manager local server
[Package Manager] Failed to launch server process. Reason: Unity was launched with the -noUpm command-line argument
[Package Manager] Unable to send message (not connected to server process).
[Package Manager] Cannot connect to Unity Package Manager local server
ScheduleIndexationOnStartup MainProcess:False IndexOnStartup:True
Scripting: successfully reloaded assembly
- Finished resetting the current domain, in  0.715 seconds
Domain Reload Profiling: 1755ms
	BeginReloadAssembly (306ms)
		DisableScriptedObjects (15ms)
		CreateAndSetChildDomain (65ms)
	RebuildCommonClasses (13ms)
	RebuildNativeTypeToScriptingClass (26ms)
	initialDomainReloadingComplete (72ms)
	LoadAllAssembliesAndSetupDomain (620ms)
		LoadAssemblies (376ms)
		TypeCache.Refresh (15ms)
		AnalyzeDomain (215ms)
			BuildScriptInfoCaches (209ms)
			ResolveRequiredComponents (4ms)
	FinalizeReload (716ms)
		SetupLoadedEditorAssemblies (0ms)
			BeforeProcessingInitializeOnLoad (114ms)
			ProcessInitializeOnLoadAttributes (301ms)
			ProcessInitializeOnLoadMethodAttributes (37ms)
			AfterProcessingInitializeOnLoad (5ms)
		AwakeInstancesAfterBackupRestoration (9ms)
Unloading 0 Unused Serialized files (Serialized files now loaded: 0)
Unloading 4362 unused Assets / (1.2 MB). Loaded Objects now: 5049.
Memory consumption went from 280.8 MB to 279.6 MB.
Total: 7.241700 ms (FindLiveObjects: 1.173500 ms CreateObjectMapping: 0.356600 ms MarkObjects: 4.796000 ms  DeleteObjects: 0.677900 ms)

Prepare: number of updated asset objects reloaded= 0
========================================================================
Received Prepare
AcceleratorClientConnectionCallback - disconnected - :0
Begin MonoManager ReloadAssembly
Native extension for WindowsStandalone target not found
[Package Manager] Failed to launch server process. Reason: Unity was launched with the -noUpm command-line argument
[Package Manager] Unable to send message (not connected to server process).
[Package Manager] Cannot connect to Unity Package Manager local server
[Package Manager] Failed to launch server process. Reason: Unity was launched with the -noUpm command-line argument
[Package Manager] Unable to send message (not connected to server process).
[Package Manager] Cannot connect to Unity Package Manager local server
ScheduleIndexationOnStartup MainProcess:False IndexOnStartup:True
Scripting: successfully reloaded assembly
- Finished resetting the current domain, in  0.751 seconds
Domain Reload Profiling: 1580ms
	BeginReloadAssembly (299ms)
		DisableScriptedObjects (13ms)
		CreateAndSetChildDomain (64ms)
	RebuildCommonClasses (12ms)
	RebuildNativeTypeToScriptingClass (24ms)
	initialDomainReloadingComplete (82ms)
	LoadAllAssembliesAndSetupDomain (411ms)
		LoadAssemblies (361ms)
		TypeCache.Refresh (10ms)
		AnalyzeDomain (6ms)
			ResolveRequiredComponents (3ms)
	FinalizeReload (752ms)
		SetupLoadedEditorAssemblies (0ms)
			BeforeProcessingInitializeOnLoad (121ms)
			ProcessInitializeOnLoadAttributes (313ms)
			ProcessInitializeOnLoadMethodAttributes (50ms)
			AfterProcessingInitializeOnLoad (6ms)
		AwakeInstancesAfterBackupRestoration (9ms)
Refreshing native plugins compatible for Editor in 2.65 ms, found 4 plugins.
Unloading 0 Unused Serialized files (Serialized files now loaded: 0)
Unloading 4362 unused Assets / (1.2 MB). Loaded Objects now: 5050.
Memory consumption went from 281.7 MB to 280.5 MB.
Total: 8.939600 ms (FindLiveObjects: 1.112700 ms CreateObjectMapping: 0.926900 ms MarkObjects: 5.786400 ms  DeleteObjects: 0.845300 ms)

Prepare: number of updated asset objects reloaded= 0
========================================================================
Received Prepare
AcceleratorClientConnectionCallback - disconnected - :0
Begin MonoManager ReloadAssembly
Native extension for WindowsStandalone target not found
[Package Manager] Failed to launch server process. Reason: Unity was launched with the -noUpm command-line argument
[Package Manager] Unable to send message (not connected to server process).
[Package Manager] Cannot connect to Unity Package Manager local server
[Package Manager] Failed to launch server process. Reason: Unity was launched with the -noUpm command-line argument
[Package Manager] Unable to send message (not connected to server process).
[Package Manager] Cannot connect to Unity Package Manager local server
ScheduleIndexationOnStartup MainProcess:False IndexOnStartup:True
Scripting: successfully reloaded assembly
- Finished resetting the current domain, in  0.819 seconds
Domain Reload Profiling: 1670ms
	BeginReloadAssembly (313ms)
		DisableScriptedObjects (16ms)
		CreateAndSetChildDomain (64ms)
	RebuildCommonClasses (14ms)
	RebuildNativeTypeToScriptingClass (29ms)
	initialDomainReloadingComplete (83ms)
	LoadAllAssembliesAndSetupDomain (411ms)
		LoadAssemblies (378ms)
		TypeCache.Refresh (10ms)
		AnalyzeDomain (7ms)
			ResolveRequiredComponents (4ms)
	FinalizeReload (820ms)
		SetupLoadedEditorAssemblies (0ms)
			BeforeProcessingInitializeOnLoad (148ms)
			ProcessInitializeOnLoadAttributes (335ms)
			ProcessInitializeOnLoadMethodAttributes (58ms)
			AfterProcessingInitializeOnLoad (8ms)
		AwakeInstancesAfterBackupRestoration (13ms)
Unloading 0 Unused Serialized files (Serialized files now loaded: 0)
Unloading 4362 unused Assets / (1.3 MB). Loaded Objects now: 5051.
Memory consumption went from 281.9 MB to 280.6 MB.
Total: 8.761200 ms (FindLiveObjects: 1.150100 ms CreateObjectMapping: 0.336300 ms MarkObjects: 5.795500 ms  DeleteObjects: 1.180000 ms)

Prepare: number of updated asset objects reloaded= 0
========================================================================
Received Prepare
AcceleratorClientConnectionCallback - disconnected - :0
[Licensing::Client] Successfully resolved entitlement details
Begin MonoManager ReloadAssembly
Refreshing native plugins compatible for Editor in 2.31 ms, found 4 plugins.
Native extension for WindowsStandalone target not found
[Package Manager] Failed to launch server process. Reason: Unity was launched with the -noUpm command-line argument
[Package Manager] Unable to send message (not connected to server process).
[Package Manager] Cannot connect to Unity Package Manager local server
[Package Manager] Failed to launch server process. Reason: Unity was launched with the -noUpm command-line argument
[Package Manager] Unable to send message (not connected to server process).
[Package Manager] Cannot connect to Unity Package Manager local server
ScheduleIndexationOnStartup MainProcess:False IndexOnStartup:True
Scripting: successfully reloaded assembly
- Finished resetting the current domain, in  0.827 seconds
Domain Reload Profiling: 1854ms
	BeginReloadAssembly (307ms)
		DisableScriptedObjects (16ms)
		CreateAndSetChildDomain (58ms)
	RebuildCommonClasses (13ms)
	RebuildNativeTypeToScriptingClass (24ms)
	initialDomainReloadingComplete (82ms)
	LoadAllAssembliesAndSetupDomain (600ms)
		LoadAssemblies (369ms)
		TypeCache.Refresh (12ms)
		AnalyzeDomain (206ms)
			BuildScriptInfoCaches (199ms)
			ResolveRequiredComponents (4ms)
	FinalizeReload (828ms)
		SetupLoadedEditorAssemblies (0ms)
			BeforeProcessingInitializeOnLoad (148ms)
			ProcessInitializeOnLoadAttributes (302ms)
			ProcessInitializeOnLoadMethodAttributes (96ms)
			AfterProcessingInitializeOnLoad (8ms)
		AwakeInstancesAfterBackupRestoration (12ms)
Unloading 0 Unused Serialized files (Serialized files now loaded: 0)
Unloading 4362 unused Assets / (1.0 MB). Loaded Objects now: 5052.
Memory consumption went from 283.6 MB to 282.6 MB.
Total: 9.068300 ms (FindLiveObjects: 1.488300 ms CreateObjectMapping: 0.617900 ms MarkObjects: 5.758700 ms  DeleteObjects: 0.916200 ms)

Prepare: number of updated asset objects reloaded= 0
========================================================================
Received Prepare
AcceleratorClientConnectionCallback - disconnected - :0
Begin MonoManager ReloadAssembly
Native extension for WindowsStandalone target not found
[Package Manager] Failed to launch server process. Reason: Unity was launched with the -noUpm command-line argument
[Package Manager] Unable to send message (not connected to server process).
[Package Manager] Cannot connect to Unity Package Manager local server
[Package Manager] Failed to launch server process. Reason: Unity was launched with the -noUpm command-line argument
[Package Manager] Unable to send message (not connected to server process).
[Package Manager] Cannot connect to Unity Package Manager local server
ScheduleIndexationOnStartup MainProcess:False IndexOnStartup:True
Scripting: successfully reloaded assembly
- Finished resetting the current domain, in  0.754 seconds
Domain Reload Profiling: 1524ms
	BeginReloadAssembly (273ms)
		DisableScriptedObjects (12ms)
		CreateAndSetChildDomain (60ms)
	RebuildCommonClasses (11ms)
	RebuildNativeTypeToScriptingClass (24ms)
	initialDomainReloadingComplete (70ms)
	LoadAllAssembliesAndSetupDomain (390ms)
		LoadAssemblies (335ms)
		TypeCache.Refresh (9ms)
		AnalyzeDomain (6ms)
			ResolveRequiredComponents (4ms)
	FinalizeReload (755ms)
		SetupLoadedEditorAssemblies (0ms)
			LogAssemblyErrors (3ms)
			BeforeProcessingInitializeOnLoad (138ms)
			ProcessInitializeOnLoadAttributes (305ms)
			ProcessInitializeOnLoadMethodAttributes (48ms)
			AfterProcessingInitializeOnLoad (6ms)
		AwakeInstancesAfterBackupRestoration (10ms)
Refreshing native plugins compatible for Editor in 2.51 ms, found 4 plugins.
Unloading 0 Unused Serialized files (Serialized files now loaded: 0)
Unloading 4362 unused Assets / (1.0 MB). Loaded Objects now: 5053.
Memory consumption went from 284.9 MB to 283.9 MB.
Total: 8.007700 ms (FindLiveObjects: 1.209900 ms CreateObjectMapping: 0.429600 ms MarkObjects: 5.220200 ms  DeleteObjects: 0.871600 ms)

Prepare: number of updated asset objects reloaded= 0
========================================================================
Received Prepare
AcceleratorClientConnectionCallback - disconnected - :0
Refreshing native plugins compatible for Editor in 2.31 ms, found 4 plugins.
Unloading 0 Unused Serialized files (Serialized files now loaded: 0)
Unloading 4351 unused Assets / (1.3 MB). Loaded Objects now: 5053.
Memory consumption went from 285.2 MB to 283.9 MB.
Total: 10.206100 ms (FindLiveObjects: 1.388100 ms CreateObjectMapping: 0.463300 ms MarkObjects: 6.964700 ms  DeleteObjects: 1.038800 ms)

Prepare: number of updated asset objects reloaded= 0
========================================================================
Received Prepare
AcceleratorClientConnectionCallback - disconnected - :0
Begin MonoManager ReloadAssembly
Native extension for WindowsStandalone target not found
[Package Manager] Failed to launch server process. Reason: Unity was launched with the -noUpm command-line argument
[Package Manager] Unable to send message (not connected to server process).
[Package Manager] Cannot connect to Unity Package Manager local server
[Package Manager] Failed to launch server process. Reason: Unity was launched with the -noUpm command-line argument
[Package Manager] Unable to send message (not connected to server process).
[Package Manager] Cannot connect to Unity Package Manager local server
ScheduleIndexationOnStartup MainProcess:False IndexOnStartup:True
Scripting: successfully reloaded assembly
- Finished resetting the current domain, in  0.915 seconds
Domain Reload Profiling: 1932ms
	BeginReloadAssembly (301ms)
		DisableScriptedObjects (18ms)
		CreateAndSetChildDomain (57ms)
	RebuildCommonClasses (13ms)
	RebuildNativeTypeToScriptingClass (23ms)
	initialDomainReloadingComplete (72ms)
	LoadAllAssembliesAndSetupDomain (607ms)
		LoadAssemblies (357ms)
		TypeCache.Refresh (14ms)
		AnalyzeDomain (193ms)
			BuildScriptInfoCaches (187ms)
			ResolveRequiredComponents (4ms)
	FinalizeReload (916ms)
		SetupLoadedEditorAssemblies (0ms)
			BeforeProcessingInitializeOnLoad (157ms)
			ProcessInitializeOnLoadAttributes (393ms)
			ProcessInitializeOnLoadMethodAttributes (60ms)
			AfterProcessingInitializeOnLoad (6ms)
		AwakeInstancesAfterBackupRestoration (14ms)
Refreshing native plugins compatible for Editor in 2.54 ms, found 4 plugins.
Unloading 0 Unused Serialized files (Serialized files now loaded: 0)
Unloading 4362 unused Assets / (1.8 MB). Loaded Objects now: 5054.
Memory consumption went from 286.1 MB to 284.3 MB.
Total: 10.244400 ms (FindLiveObjects: 1.386800 ms CreateObjectMapping: 0.536800 ms MarkObjects: 6.617600 ms  DeleteObjects: 1.388800 ms)

Prepare: number of updated asset objects reloaded= 0
========================================================================
Received Prepare
AcceleratorClientConnectionCallback - disconnected - :0
[Licensing::Client] Successfully resolved entitlement details
Begin MonoManager ReloadAssembly
Native extension for WindowsStandalone target not found
[Package Manager] Failed to launch server process. Reason: Unity was launched with the -noUpm command-line argument
[Package Manager] Unable to send message (not connected to server process).
[Package Manager] Cannot connect to Unity Package Manager local server
[Package Manager] Failed to launch server process. Reason: Unity was launched with the -noUpm command-line argument
[Package Manager] Unable to send message (not connected to server process).
[Package Manager] Cannot connect to Unity Package Manager local server
ScheduleIndexationOnStartup MainProcess:False IndexOnStartup:True
Scripting: successfully reloaded assembly
- Finished resetting the current domain, in  0.810 seconds
Domain Reload Profiling: 1688ms
	BeginReloadAssembly (321ms)
		DisableScriptedObjects (15ms)
		CreateAndSetChildDomain (73ms)
	RebuildCommonClasses (11ms)
	RebuildNativeTypeToScriptingClass (24ms)
	initialDomainReloadingComplete (82ms)
	LoadAllAssembliesAndSetupDomain (438ms)
		LoadAssemblies (382ms)
		TypeCache.Refresh (10ms)
		AnalyzeDomain (7ms)
			ResolveRequiredComponents (4ms)
	FinalizeReload (812ms)
		SetupLoadedEditorAssemblies (0ms)
			BeforeProcessingInitializeOnLoad (138ms)
			ProcessInitializeOnLoadAttributes (336ms)
			ProcessInitializeOnLoadMethodAttributes (51ms)
			AfterProcessingInitializeOnLoad (6ms)
		AwakeInstancesAfterBackupRestoration (11ms)
Refreshing native plugins compatible for Editor in 2.33 ms, found 4 plugins.
Unloading 0 Unused Serialized files (Serialized files now loaded: 0)
Unloading 4362 unused Assets / (1.2 MB). Loaded Objects now: 5055.
Memory consumption went from 287.1 MB to 285.9 MB.
Total: 8.071200 ms (FindLiveObjects: 1.052800 ms CreateObjectMapping: 0.393300 ms MarkObjects: 5.509000 ms  DeleteObjects: 0.837900 ms)

Prepare: number of updated asset objects reloaded= 0
========================================================================
Received Prepare
AcceleratorClientConnectionCallback - disconnected - :0
Refreshing native plugins compatible for Editor in 2.05 ms, found 4 plugins.
Unloading 0 Unused Serialized files (Serialized files now loaded: 0)
Unloading 4351 unused Assets / (1.3 MB). Loaded Objects now: 5055.
Memory consumption went from 287.4 MB to 286.2 MB.
Total: 9.996200 ms (FindLiveObjects: 1.317900 ms CreateObjectMapping: 0.423100 ms MarkObjects: 6.940100 ms  DeleteObjects: 1.014000 ms)

Prepare: number of updated asset objects reloaded= 0
========================================================================
Received Prepare
AcceleratorClientConnectionCallback - disconnected - :0
[Licensing::Client] Successfully resolved entitlement details
Begin MonoManager ReloadAssembly
Refreshing native plugins compatible for Editor in 2.69 ms, found 4 plugins.
Native extension for WindowsStandalone target not found
[Package Manager] Failed to launch server process. Reason: Unity was launched with the -noUpm command-line argument
[Package Manager] Unable to send message (not connected to server process).
[Package Manager] Cannot connect to Unity Package Manager local server
[Package Manager] Failed to launch server process. Reason: Unity was launched with the -noUpm command-line argument
[Package Manager] Unable to send message (not connected to server process).
[Package Manager] Cannot connect to Unity Package Manager local server
ScheduleIndexationOnStartup MainProcess:False IndexOnStartup:True
Scripting: successfully reloaded assembly
- Finished resetting the current domain, in  1.499 seconds
Domain Reload Profiling: 2710ms
	BeginReloadAssembly (341ms)
		DisableScriptedObjects (20ms)
		CreateAndSetChildDomain (71ms)
	RebuildCommonClasses (14ms)
	RebuildNativeTypeToScriptingClass (27ms)
	initialDomainReloadingComplete (89ms)
	LoadAllAssembliesAndSetupDomain (738ms)
		LoadAssemblies (420ms)
		TypeCache.Refresh (18ms)
		AnalyzeDomain (252ms)
			BuildScriptInfoCaches (243ms)
			ResolveRequiredComponents (6ms)
	FinalizeReload (1501ms)
		SetupLoadedEditorAssemblies (0ms)
			LogAssemblyErrors (3ms)
			InitializePlatformSupportModulesInManaged (4ms)
			BeforeProcessingInitializeOnLoad (248ms)
			ProcessInitializeOnLoadAttributes (587ms)
			ProcessInitializeOnLoadMethodAttributes (155ms)
			AfterProcessingInitializeOnLoad (15ms)
			EditorAssembliesLoaded (3ms)
		AwakeInstancesAfterBackupRestoration (23ms)
Refreshing native plugins compatible for Editor in 3.19 ms, found 4 plugins.
Unloading 0 Unused Serialized files (Serialized files now loaded: 0)
Unloading 4362 unused Assets / (0.9 MB). Loaded Objects now: 5056.
Memory consumption went from 288.1 MB to 287.3 MB.
Total: 14.850600 ms (FindLiveObjects: 2.542500 ms CreateObjectMapping: 0.735100 ms MarkObjects: 10.107500 ms  DeleteObjects: 1.057700 ms)

Prepare: number of updated asset objects reloaded= 0
========================================================================
Received Prepare
AcceleratorClientConnectionCallback - disconnected - :0
Begin MonoManager ReloadAssembly
Native extension for WindowsStandalone target not found
[Package Manager] Failed to launch server process. Reason: Unity was launched with the -noUpm command-line argument
[Package Manager] Unable to send message (not connected to server process).
[Package Manager] Cannot connect to Unity Package Manager local server
[Package Manager] Failed to launch server process. Reason: Unity was launched with the -noUpm command-line argument
[Package Manager] Unable to send message (not connected to server process).
[Package Manager] Cannot connect to Unity Package Manager local server
ScheduleIndexationOnStartup MainProcess:False IndexOnStartup:True
Scripting: successfully reloaded assembly
- Finished resetting the current domain, in  0.940 seconds
Domain Reload Profiling: 1996ms
	BeginReloadAssembly (347ms)
		DisableScriptedObjects (15ms)
		CreateAndSetChildDomain (77ms)
	RebuildCommonClasses (35ms)
	RebuildNativeTypeToScriptingClass (38ms)
	initialDomainReloadingComplete (106ms)
	LoadAllAssembliesAndSetupDomain (529ms)
		LoadAssemblies (459ms)
		TypeCache.Refresh (14ms)
		AnalyzeDomain (11ms)
			ResolveRequiredComponents (6ms)
	FinalizeReload (942ms)
		SetupLoadedEditorAssemblies (0ms)
			LogAssemblyErrors (3ms)
			BeforeProcessingInitializeOnLoad (172ms)
			ProcessInitializeOnLoadAttributes (380ms)
			ProcessInitializeOnLoadMethodAttributes (64ms)
			AfterProcessingInitializeOnLoad (14ms)
		AwakeInstancesAfterBackupRestoration (21ms)
Refreshing native plugins compatible for Editor in 2.30 ms, found 4 plugins.
Unloading 0 Unused Serialized files (Serialized files now loaded: 0)
Unloading 4362 unused Assets / (1.3 MB). Loaded Objects now: 5057.
Memory consumption went from 289.4 MB to 288.1 MB.
Total: 11.310100 ms (FindLiveObjects: 1.375200 ms CreateObjectMapping: 0.769900 ms MarkObjects: 7.572700 ms  DeleteObjects: 1.232900 ms)

Prepare: number of updated asset objects reloaded= 0
========================================================================
Received Prepare
AcceleratorClientConnectionCallback - disconnected - :0
Begin MonoManager ReloadAssembly
Native extension for WindowsStandalone target not found
[Package Manager] Failed to launch server process. Reason: Unity was launched with the -noUpm command-line argument
[Package Manager] Unable to send message (not connected to server process).
[Package Manager] Cannot connect to Unity Package Manager local server
[Package Manager] Failed to launch server process. Reason: Unity was launched with the -noUpm command-line argument
[Package Manager] Unable to send message (not connected to server process).
[Package Manager] Cannot connect to Unity Package Manager local server
ScheduleIndexationOnStartup MainProcess:False IndexOnStartup:True
Scripting: successfully reloaded assembly
- Finished resetting the current domain, in  0.840 seconds
Domain Reload Profiling: 1700ms
	BeginReloadAssembly (294ms)
		DisableScriptedObjects (13ms)
		CreateAndSetChildDomain (59ms)
	RebuildCommonClasses (14ms)
	RebuildNativeTypeToScriptingClass (26ms)
	initialDomainReloadingComplete (79ms)
	LoadAllAssembliesAndSetupDomain (445ms)
		LoadAssemblies (380ms)
		TypeCache.Refresh (11ms)
		AnalyzeDomain (7ms)
			ResolveRequiredComponents (4ms)
	FinalizeReload (842ms)
		SetupLoadedEditorAssemblies (0ms)
			BeforeProcessingInitializeOnLoad (145ms)
			ProcessInitializeOnLoadAttributes (364ms)
			ProcessInitializeOnLoadMethodAttributes (49ms)
			AfterProcessingInitializeOnLoad (6ms)
		AwakeInstancesAfterBackupRestoration (14ms)
Refreshing native plugins compatible for Editor in 2.10 ms, found 4 plugins.
Unloading 0 Unused Serialized files (Serialized files now loaded: 0)
Unloading 4362 unused Assets / (1.2 MB). Loaded Objects now: 5058.
Memory consumption went from 289.6 MB to 288.4 MB.
Total: 9.408500 ms (FindLiveObjects: 1.324100 ms CreateObjectMapping: 0.409400 ms MarkObjects: 6.555200 ms  DeleteObjects: 0.828500 ms)

Prepare: number of updated asset objects reloaded= 0
========================================================================
Received Import Request.
  Time of request: 2026-09-06T20:40:06.6371321Z
  Time since last request: 522.01195919999998 seconds.
  importAddress: GUID: c482481ee9a493a449a90ba86f18194a - Path: Assets/New Folder/PlayerMovement.cs - Importer: PreviewImporter
Importing 'GUID: c482481ee9a493a449a90ba86f18194a - Path: Assets/New Folder/PlayerMovement.cs - Importer: PreviewImporter' with importer (PreviewImporter)
Imported 'GUID: c482481ee9a493a449a90ba86f18194a' -> (Import Result ID: '861b75b1a180d149653a0dbd07e28f26') in 0.002 seconds [static and dynamic dependencies]. Details - ImportResultOutputID=88759fc57629ce08caf471593d4ad59f DependenciesID=b305cbf16142cce046303550d9221a05 StaticDependenciesID=1ea85192f3988a792ec0fecf0a8cf955 
Number of updated asset objects reloaded before import = 0
Number of asset objects unloaded after import = 0
========================================================================
Received Prepare
AcceleratorClientConnectionCallback - disconnected - :0
[Licensing::Client] Successfully resolved entitlement details
Begin MonoManager ReloadAssembly
Native extension for WindowsStandalone target not found
[Package Manager] Failed to launch server process. Reason: Unity was launched with the -noUpm command-line argument
[Package Manager] Unable to send message (not connected to server process).
[Package Manager] Cannot connect to Unity Package Manager local server
[Package Manager] Failed to launch server process. Reason: Unity was launched with the -noUpm command-line argument
[Package Manager] Unable to send message (not connected to server process).
[Package Manager] Cannot connect to Unity Package Manager local server
ScheduleIndexationOnStartup MainProcess:False IndexOnStartup:True
Scripting: successfully reloaded assembly
- Finished resetting the current domain, in  0.827 seconds
Domain Reload Profiling: 1664ms
	BeginReloadAssembly (303ms)
		DisableScriptedObjects (15ms)
		CreateAndSetChildDomain (72ms)
	RebuildCommonClasses (13ms)
	RebuildNativeTypeToScriptingClass (23ms)
	initialDomainReloadingComplete (78ms)
	LoadAllAssembliesAndSetupDomain (418ms)
		LoadAssemblies (365ms)
		TypeCache.Refresh (10ms)
		AnalyzeDomain (7ms)
			ResolveRequiredComponents (3ms)
	FinalizeReload (828ms)
		SetupLoadedEditorAssemblies (0ms)
			BeforeProcessingInitializeOnLoad (137ms)
			ProcessInitializeOnLoadAttributes (358ms)
			ProcessInitializeOnLoadMethodAttributes (50ms)
			AfterProcessingInitializeOnLoad (7ms)
		AwakeInstancesAfterBackupRestoration (10ms)
Unloading 0 Unused Serialized files (Serialized files now loaded: 0)
Unloading 4362 unused Assets / (1.8 MB). Loaded Objects now: 5059.
Memory consumption went from 289.2 MB to 287.4 MB.
Total: 8.933500 ms (FindLiveObjects: 1.236200 ms CreateObjectMapping: 0.405800 ms MarkObjects: 5.706500 ms  DeleteObjects: 1.201400 ms)

Prepare: number of updated asset objects reloaded= 0
========================================================================
Received Prepare
AcceleratorClientConnectionCallback - disconnected - :0
[Licensing::Client] Successfully resolved entitlement details
Begin MonoManager ReloadAssembly
Refreshing native plugins compatible for Editor in 2.29 ms, found 4 plugins.
Native extension for WindowsStandalone target not found
[Package Manager] Failed to launch server process. Reason: Unity was launched with the -noUpm command-line argument
[Package Manager] Unable to send message (not connected to server process).
[Package Manager] Cannot connect to Unity Package Manager local server
[Package Manager] Failed to launch server process. Reason: Unity was launched with the -noUpm command-line argument
[Package Manager] Unable to send message (not connected to server process).
[Package Manager] Cannot connect to Unity Package Manager local server
ScheduleIndexationOnStartup MainProcess:False IndexOnStartup:True
Scripting: successfully reloaded assembly
- Finished resetting the current domain, in  0.779 seconds
Domain Reload Profiling: 1817ms
	BeginReloadAssembly (317ms)
		DisableScriptedObjects (17ms)
		CreateAndSetChildDomain (61ms)
	RebuildCommonClasses (13ms)
	RebuildNativeTypeToScriptingClass (23ms)
	initialDomainReloadingComplete (72ms)
	LoadAllAssembliesAndSetupDomain (611ms)
		LoadAssemblies (378ms)
		TypeCache.Refresh (15ms)
		AnalyzeDomain (211ms)
			BuildScriptInfoCaches (203ms)
			ResolveRequiredComponents (6ms)
	FinalizeReload (780ms)
		SetupLoadedEditorAssemblies (0ms)
			BeforeProcessingInitializeOnLoad (147ms)
			ProcessInitializeOnLoadAttributes (307ms)
			ProcessInitializeOnLoadMethodAttributes (52ms)
			AfterProcessingInitializeOnLoad (9ms)
		AwakeInstancesAfterBackupRestoration (10ms)
Unloading 0 Unused Serialized files (Serialized files now loaded: 0)
Unloading 4362 unused Assets / (1.1 MB). Loaded Objects now: 5060.
Memory consumption went from 291.8 MB to 290.7 MB.
Total: 7.056400 ms (FindLiveObjects: 0.962800 ms CreateObjectMapping: 0.340100 ms MarkObjects: 4.726800 ms  DeleteObjects: 0.742700 ms)

Prepare: number of updated asset objects reloaded= 0
========================================================================
Received Prepare
AcceleratorClientConnectionCallback - disconnected - :0
Begin MonoManager ReloadAssembly
Native extension for WindowsStandalone target not found
[Package Manager] Failed to launch server process. Reason: Unity was launched with the -noUpm command-line argument
[Package Manager] Unable to send message (not connected to server process).
[Package Manager] Cannot connect to Unity Package Manager local server
[Package Manager] Failed to launch server process. Reason: Unity was launched with the -noUpm command-line argument
[Package Manager] Unable to send message (not connected to server process).
[Package Manager] Cannot connect to Unity Package Manager local server
ScheduleIndexationOnStartup MainProcess:False IndexOnStartup:True
Scripting: successfully reloaded assembly
- Finished resetting the current domain, in  0.807 seconds
Domain Reload Profiling: 1682ms
	BeginReloadAssembly (314ms)
		DisableScriptedObjects (14ms)
		CreateAndSetChildDomain (64ms)
	RebuildCommonClasses (14ms)
	RebuildNativeTypeToScriptingClass (23ms)
	initialDomainReloadingComplete (69ms)
	LoadAllAssembliesAndSetupDomain (453ms)
		LoadAssemblies (392ms)
		TypeCache.Refresh (13ms)
		AnalyzeDomain (10ms)
			ResolveRequiredComponents (5ms)
	FinalizeReload (809ms)
		SetupLoadedEditorAssemblies (0ms)
			BeforeProcessingInitializeOnLoad (141ms)
			ProcessInitializeOnLoadAttributes (335ms)
			ProcessInitializeOnLoadMethodAttributes (49ms)
			AfterProcessingInitializeOnLoad (7ms)
		AwakeInstancesAfterBackupRestoration (10ms)
Unloading 0 Unused Serialized files (Serialized files now loaded: 0)
Unloading 4362 unused Assets / (1.2 MB). Loaded Objects now: 5061.
Memory consumption went from 292.8 MB to 291.6 MB.
Total: 8.725800 ms (FindLiveObjects: 1.084700 ms CreateObjectMapping: 0.658200 ms MarkObjects: 6.014400 ms  DeleteObjects: 0.724400 ms)

Prepare: number of updated asset objects reloaded= 0
========================================================================
Received Prepare
AcceleratorClientConnectionCallback - disconnected - :0
[Licensing::Client] Successfully resolved entitlement details
Begin MonoManager ReloadAssembly
Refreshing native plugins compatible for Editor in 2.67 ms, found 4 plugins.
Native extension for WindowsStandalone target not found
[Package Manager] Failed to launch server process. Reason: Unity was launched with the -noUpm command-line argument
[Package Manager] Unable to send message (not connected to server process).
[Package Manager] Cannot connect to Unity Package Manager local server
[Package Manager] Failed to launch server process. Reason: Unity was launched with the -noUpm command-line argument
[Package Manager] Unable to send message (not connected to server process).
[Package Manager] Cannot connect to Unity Package Manager local server
ScheduleIndexationOnStartup MainProcess:False IndexOnStartup:True
Scripting: successfully reloaded assembly
- Finished resetting the current domain, in  0.870 seconds
Domain Reload Profiling: 1744ms
	BeginReloadAssembly (317ms)
		DisableScriptedObjects (14ms)
		CreateAndSetChildDomain (69ms)
	RebuildCommonClasses (15ms)
	RebuildNativeTypeToScriptingClass (27ms)
	initialDomainReloadingComplete (77ms)
	LoadAllAssembliesAndSetupDomain (436ms)
		LoadAssemblies (383ms)
		TypeCache.Refresh (10ms)
		AnalyzeDomain (8ms)
			ResolveRequiredComponents (4ms)
	FinalizeReload (871ms)
		SetupLoadedEditorAssemblies (0ms)
			LogAssemblyErrors (3ms)
			BeforeProcessingInitializeOnLoad (154ms)
			ProcessInitializeOnLoadAttributes (321ms)
			ProcessInitializeOnLoadMethodAttributes (46ms)
			AfterProcessingInitializeOnLoad (8ms)
		AwakeInstancesAfterBackupRestoration (11ms)
Refreshing native plugins compatible for Editor in 2.57 ms, found 4 plugins.
Unloading 0 Unused Serialized files (Serialized files now loaded: 0)
Unloading 4362 unused Assets / (1.1 MB). Loaded Objects now: 5062.
Memory consumption went from 293.0 MB to 291.9 MB.
Total: 9.136300 ms (FindLiveObjects: 1.194700 ms CreateObjectMapping: 0.412200 ms MarkObjects: 6.072300 ms  DeleteObjects: 1.167000 ms)

Prepare: number of updated asset objects reloaded= 0
========================================================================
Received Prepare
AcceleratorClientConnectionCallback - disconnected - :0
Refreshing native plugins compatible for Editor in 2.21 ms, found 4 plugins.
Unloading 0 Unused Serialized files (Serialized files now loaded: 0)
Unloading 0 unused Assets / (Unknown). Loaded Objects now: 5062.
Memory consumption went from 290.3 MB to 290.3 MB.
Total: 7.131400 ms (FindLiveObjects: 0.773600 ms CreateObjectMapping: 0.155100 ms MarkObjects: 5.899300 ms  DeleteObjects: 0.055800 ms)

Prepare: number of updated asset objects reloaded= 0
Editor requested this worker to shutdown with reason: Editor is closing down
AcceleratorClientConnectionCallback - disconnected - :0
AssetImportWorker is now disconnected from the server
Process exiting
[ExitDontLaunchBugReporter] Exiting without the bug reporter. Application will exit with return code 0
