VBCSCompilerPreWarmer: pre-warm launched (dotnet PID 19864)
VBCSCompiler prewarm took 24.25 ms
[Licensing::Module] Trying to connect to existing licensing client channel...
[Licensing::IpcConnector] Successfully connected to: "LicenseClient-ASUS TUF" at "2026-09-02T12:54:46.9672552Z"
Built from '6000.6/respin/6000.6.0f1-fa21a270ab12' branch; Version is '6000.6.0f1 (f7f8ed4d1e24) revision 16251117'; Using compiler version '194234433'; Build Type 'Release'
OS: 'Windows 11  (10.0.22621) CoreSingleLanguage' Language: 'en' Physical Memory: 16122 MB
BatchMode: 0, IsHumanControllingUs: 1, StartBugReporterOnCrash: 1, Is64bit: 1
System  architecture: x64
Process architecture: x64
Date: 2026-09-02T12:54:46Z
[Licensing::Client] Error: HandshakeResponse reported an error:
	ResponseCode: 505
	ResponseStatus: Unsupported protocol version '1.18.3'.
[Licensing::Module] Error: Failed to handshake to channel: "LicenseClient-ASUS TUF"
[Licensing::IpcConnector] LicenseClient-ASUS TUF channel disconnected successfully.
[Licensing::IpcConnector] Channel LicenseClient-ASUS TUF-6000.6.0 doesn't exist
[Licensing::Module] Successfully launched the LicensingClient (PId: 24816)

COMMAND LINE ARGUMENTS:
C:\Program Files\Unity\Hub\Editor\6000.6.0f1\Editor\Unity.exe
-projectpath
C:\Users\ASUS TUF\My project (1)
-acceptSoftwareTermsForThisRunOnly
-useHub
-hubIPC
-cloudEnvironment
production
-licensingIpc
LicenseClient-ASUS TUF
-hubSessionId
3d7b32a1-4305-4947-846b-37c8d0fbe777
-accessToken
aV16Ilf26zSPPKoSASKI1i1RzjH3Uvz5flEW8GOnl0A011f
Successfully changed project path to: C:\Users\ASUS TUF\My project (1)
C:/Users/ASUS TUF/My project (1)
[UnityMemory] Configuration Parameters - Can be set up in boot.config
    "memorysetup-temp-allocator-size-gi-baking-worker=262144"
    "memorysetup-temp-allocator-size-gi-baking-worker=262144"
    "memorysetup-temp-allocator-size-gi-baking-worker=262144"
    "memorysetup-temp-allocator-size-gi-baking-worker=262144"
    "memorysetup-temp-allocator-size-gi-baking-worker=262144"
    "memorysetup-temp-allocator-size-nav-mesh-worker=65536"
    "memorysetup-temp-allocator-size-audio-worker=65536"
    "memorysetup-temp-allocator-size-cloud-worker=32768"
    "memorysetup-temp-allocator-size-gfx=262144"
    "memorysetup-remapper-allocator-initial-capacity=32768"
    "memorysetup-temp-allocator-size-preload-manager=33554432"
    "memorysetup-allocator-temp-initial-block-size-main=262144"
    "memorysetup-allocator-temp-initial-block-size-worker=262144"
    "memorysetup-temp-allocator-size-job-worker=262144"
    "memorysetup-temp-allocator-size-background-worker=32768"
    "memorysetup-bucket-allocator-granularity=16"
    "memorysetup-bucket-allocator-bucket-count=8"
    "memorysetup-bucket-allocator-block-size=33554432"
    "memorysetup-bucket-allocator-block-count=8"
    "memorysetup-main-allocator-block-size=16777216"
    "memorysetup-thread-allocator-block-size=16777216"
    "memorysetup-main-allocator-mimalloc-enabled=1"
    "memorysetup-gfx-main-allocator-block-size=16777216"
    "memorysetup-gfx-thread-allocator-block-size=16777216"
    "memorysetup-cache-allocator-block-size=4194304"
    "memorysetup-typetree-allocator-block-size=2097152"
    "memorysetup-profiler-bucket-allocator-granularity=16"
    "memorysetup-profiler-bucket-allocator-bucket-count=8"
    "memorysetup-profiler-bucket-allocator-block-size=33554432"
    "memorysetup-profiler-bucket-allocator-block-count=8"
    "memorysetup-profiler-allocator-block-size=16777216"
    "memorysetup-profiler-editor-allocator-block-size=1048576"
    "memorysetup-temp-allocator-size-main=16777216"
    "memorysetup-job-temp-allocator-block-size=2097152"
    "memorysetup-job-temp-allocator-block-size-background=1048576"
    "memorysetup-job-temp-allocator-reduction-small-platforms=262144"
Player connection [22856]  Target information:

Player connection [22856]  * "[IP] 192.168.1.179 [Port] 55504 [Flags] 2 [Guid] 935947216 [EditorId] 935947216 [Version] 1048832 [Id] WindowsEditor(7,DESKTOP-2T8NT55) [Debug] 1 [PackageName] WindowsEditor [ProjectName] Editor" 

Player connection [22856] Host joined multi-casting on [225.0.0.222:54997]...
Player connection [22856] Host joined alternative multi-casting on [225.0.0.222:34997]...
Input System module state changed to: Initialized.
[Physics::Module] Initialized fallback backend.
[Physics::Module] Id: 0xdecafbad
[Package Manager] Connected to IPC stream "Upm-20792" after 0.3 seconds.
[Licensing::Module] Licensing is not yet initialized.
[Licensing::IpcConnector] Successfully connected to: "LicenseClient-ASUS TUF-6000.6.0" at "2026-09-02T12:54:54.6991921Z"
[Licensing::Client] Code 10 while verifying Licensing Client signature (process Id: 24816, path: "C:/Program Files/Unity/Hub/Editor/6000.6.0f1/Editor/Data/Resources/Licensing/Client/Unity.Licensing.Client.exe")
[Licensing::Module] LicensingClient has failed validation; ignoring
[Licensing::Client] Handshaking with LicensingClient:
  Version:                 1.18.3+d7ffd15
  Session Id:              088eec0313f14acab7614ce786bf6438
  Correlation Id:          aad1bf73023ec24faf127f11ba9b8048
  External correlation Id: 1883434823158520958
  Machine Id:              L0lUctDYjdu2PABYPBd9PP2x3iQ=
[Licensing::Module] Successfully connected to LicensingClient on channel: "LicenseClient-ASUS TUF-6000.6.0" (connect: 6.56s, validation: 0.42s, handshake: 0.02s)
[Licensing::IpcConnector] Successfully connected to: "LicenseClient-ASUS TUF-6000.6.0-notifications" at "2026-09-02T12:54:55.1462507Z"
[Licensing::Module] Connected to LicensingClient (PId: 24816, launch time: 0.04, total connection time: 7.00s)
[Licensing::Client] Successfully updated the access token
[Licensing::Module] Successfully updated the access token aV16Ilf26z...
[Licensing::Client] Successfully resolved entitlement details
[Licensing::Module] License group:
  Id: 18968041552228-UnityPersXXXX
  Product: Unity Personal
  Type: Assigned
  Expiration: Unlimited
[Licensing::Client] Successfully updated license, isAsync: True, time: 0.01
[Licensing::Client] Successfully resolved entitlement details
[Licensing::Module] Licensing Background thread has ended after 8.23s
[Licensing::Module] Licensing is initialized (took 6.51s).
[Licensing::Client] Successfully resolved entitlement details
Library Redirect Path: Library/
Initialising UDS system complete:
  - System type: Client
  - Resource namespace: 843357b01ca93b6ea33aefb59059a0cf
  - Shared memory size: 1073741824
  - Command buffer id: 1052576
  - Command buffer size: 8192
  - Hashmap size: 4194304
  - Service connected: false
Launching Unity Data Store - C:/Program Files/Unity/Hub/Editor/6000.6.0f1/Editor/Data/Tools/Unity.DataStore.exe 
Unity Data Store artifact dir = Library/DataStore, working dir = C:/Users/ASUS TUF/My project (1)Serialized file "ProjectSettings/DynamicsManager.asset" contains a PhysicsManager object at version 11, below the supported minimum (13). Open and re-save the file to upgrade.
[Physics::Module] Selected backend.
[Physics::Module] Name: PhysX
[Physics::Module] Id: 0xf2b8ea05
[Physics::Module] SDK Version: 4.1.2
[Physics::Module] Integration Version: 1.0.0
[Physics::Module] Threading Mode: Multi-Threaded
Unity Data Store running and initialised
Initialize engine version: 6000.6.0f1 (f7f8ed4d1e24)
[EntityIdStore] init: VM path (explicit commit), pageSize=4096, blockCount=1048576, entitiesPerBlock=256, slots reserved=4294967296 bytes
[Subsystems] Discovering subsystems at path C:/Program Files/Unity/Hub/Editor/6000.6.0f1/Editor/Data/Resources/UnitySubsystems
[Subsystems] Discovering subsystems at path C:/Users/ASUS TUF/My project (1)/Assets
[D3D12 Device Filter] Vendor Name: NVIDIA
[D3D12 Device Filter] Device Name: NVIDIA GeForce RTX 3050 Laptop GPU
[D3D12 Device Filter] Driver Version: 32.0.16.1656
[D3D12 Device Filter] Feature Level: 12.2
[D3D12 Device Filter] Graphics Memory: 3962 MB
[D3D12 Device Filter] Processor Count: 12
[D3D12 Device Filter] Device Type: Discrete
GfxDevice: creating device client; kGfxThreadingModeSplitJobs
d3d12: failed to query info queue interface (0x80004002).
Direct3D:
    Version:         Direct3D 12 [level 12.2]
    Renderer:        NVIDIA GeForce RTX 3050 Laptop GPU (ID=0x25a2)
    Vendor:          NVIDIA
    VRAM:            3962 MB
    App VRAM Budget: 3367 MB
    Driver:          32.0.16.1656
Initialize mono
Mono path[0] = 'C:/Program Files/Unity/Hub/Editor/6000.6.0f1/Editor/Data/Managed'
Mono path[1] = 'C:/Program Files/Unity/Hub/Editor/6000.6.0f1/Editor/Data/BCLExtensions/runtime/netstandard2.1'
Mono path[2] = 'C:/Program Files/Unity/Hub/Editor/6000.6.0f1/Editor/Data/MonoBleedingEdge/lib/mono/unityjit-win32'
Mono config path = 'C:/Program Files/Unity/Hub/Editor/6000.6.0f1/Editor/Data/MonoBleedingEdge/etc'
Using monoOptions --debugger-agent=transport=dt_socket,embedding=1,server=y,suspend=n,address=127.0.0.1:56792
CodeReloadManager initialized
ImportWorker Server TCP listen port: 0
AcceleratorClientConnectionCallback - disconnected - :0
Begin MonoManager ReloadAssembly
Registering precompiled unity dll's ...
Register platform support module: C:/Program Files/Unity/Hub/Editor/6000.6.0f1/Editor/Data/PlaybackEngines/WindowsStandaloneSupport/UnityEditor.WindowsStandalone.Extensions.dll
Registered in 0.284757 seconds.
Native extension for WindowsStandalone target not found
Package Manager log level set to [2]
ScheduleIndexationOnStartup MainProcess:False IndexOnStartup:True
Scripting: successfully reloaded assembly
- Finished resetting the current domain, in  3.864 seconds
Domain Reload Profiling: 6694ms
	BeginReloadAssembly (363ms)
	RebuildCommonClasses (5ms)
	RebuildNativeTypeToScriptingClass (256ms)
	initialDomainReloadingComplete (495ms)
	LoadAllAssembliesAndSetupDomain (1708ms)
		LoadAssemblies (359ms)
		TypeCache.Refresh (1592ms)
			TypeCache.ScanAssembly (1306ms)
		AnalyzeDomain (1ms)
	FinalizeReload (3866ms)
		SetupLoadedEditorAssemblies (0ms)
			LogAssemblyErrors (3ms)
			InitializePlatformSupportModulesInManaged (3ms)
			BeforeProcessingInitializeOnLoad (160ms)
			ProcessInitializeOnLoadAttributes (159ms)
			ProcessInitializeOnLoadMethodAttributes (2639ms)
[Licensing::Client] Successfully resolved entitlement details
Application.AssetDatabase Initial Refresh Start
[Package Manager] Restoring resolved packages state from cache
[Licensing::Client] Successfully resolved entitlement details
[Package Manager] Registered 52 packages:
  Packages from [https://packages.unity.com]:
    com.unity.collab-proxy@2.13.6 (location: C:\Users\ASUS TUF\My project (1)\Library\PackageCache\com.unity.collab-proxy@4628d2ba6ea4)
    com.unity.ide.rider@3.0.38 (location: C:\Users\ASUS TUF\My project (1)\Library\PackageCache\com.unity.ide.rider@1f60b3138684)
    com.unity.ide.visualstudio@2.0.26 (location: C:\Users\ASUS TUF\My project (1)\Library\PackageCache\com.unity.ide.visualstudio@a99d56dec63f)
    com.unity.inputsystem@1.20.0 (location: C:\Users\ASUS TUF\My project (1)\Library\PackageCache\com.unity.inputsystem@7a4e1a2a8194)
    com.unity.visualscripting@1.9.12 (location: C:\Users\ASUS TUF\My project (1)\Library\PackageCache\com.unity.visualscripting@4edfcc09512f)
    com.unity.performance.profile-analyzer@1.4.0 (location: C:\Users\ASUS TUF\My project (1)\Library\PackageCache\com.unity.performance.profile-analyzer@2bb26871883c)
    com.unity.testtools.codecoverage@1.3.0 (location: C:\Users\ASUS TUF\My project (1)\Library\PackageCache\com.unity.testtools.codecoverage@19a841221620)
    com.unity.settings-manager@2.1.1 (location: C:\Users\ASUS TUF\My project (1)\Library\PackageCache\com.unity.settings-manager@0b8638c5ce86)
  Built-in packages:
    com.unity.feature.development@1.0.2 (location: C:\Users\ASUS TUF\My project (1)\Library\PackageCache\com.unity.feature.development@767aadbc6eb7)
    com.unity.timeline@6.6.0 (location: C:\Users\ASUS TUF\My project (1)\Library\PackageCache\com.unity.timeline@281d5f7e7d7d)
    com.unity.ugui@2.6.0 (location: C:\Users\ASUS TUF\My project (1)\Library\PackageCache\com.unity.ugui@23caec89ae27)
    com.unity.modules.accessibility@1.0.0 (location: C:\Users\ASUS TUF\My project (1)\Library\PackageCache\com.unity.modules.accessibility)
    com.unity.modules.adaptiveperformance@1.0.0 (location: C:\Users\ASUS TUF\My project (1)\Library\PackageCache\com.unity.modules.adaptiveperformance)
    com.unity.modules.ai@1.0.0 (location: C:\Users\ASUS TUF\My project (1)\Library\PackageCache\com.unity.modules.ai)
    com.unity.modules.androidjni@1.0.0 (location: C:\Users\ASUS TUF\My project (1)\Library\PackageCache\com.unity.modules.androidjni)
    com.unity.modules.animation@1.0.0 (location: C:\Users\ASUS TUF\My project (1)\Library\PackageCache\com.unity.modules.animation)
    com.unity.modules.assetbundle@1.0.0 (location: C:\Users\ASUS TUF\My project (1)\Library\PackageCache\com.unity.modules.assetbundle)
    com.unity.modules.audio@1.0.0 (location: C:\Users\ASUS TUF\My project (1)\Library\PackageCache\com.unity.modules.audio)
    com.unity.modules.cloth@1.0.0 (location: C:\Users\ASUS TUF\My project (1)\Library\PackageCache\com.unity.modules.cloth)
    com.unity.modules.director@1.0.0 (location: C:\Users\ASUS TUF\My project (1)\Library\PackageCache\com.unity.modules.director)
    com.unity.modules.imageconversion@1.0.0 (location: C:\Users\ASUS TUF\My project (1)\Library\PackageCache\com.unity.modules.imageconversion)
    com.unity.modules.imgui@1.0.0 (location: C:\Users\ASUS TUF\My project (1)\Library\PackageCache\com.unity.modules.imgui)
    com.unity.modules.jsonserialize@1.0.0 (location: C:\Users\ASUS TUF\My project (1)\Library\PackageCache\com.unity.modules.jsonserialize)
    com.unity.modules.particlesystem@1.0.0 (location: C:\Users\ASUS TUF\My project (1)\Library\PackageCache\com.unity.modules.particlesystem)
    com.unity.modules.physics@1.0.0 (location: C:\Users\ASUS TUF\My project (1)\Library\PackageCache\com.unity.modules.physics)
    com.unity.modules.physics2d@1.0.0 (location: C:\Users\ASUS TUF\My project (1)\Library\PackageCache\com.unity.modules.physics2d)
    com.unity.modules.physicscore2d@1.0.0 (location: C:\Users\ASUS TUF\My project (1)\Library\PackageCache\com.unity.modules.physicscore2d)
    com.unity.modules.screencapture@1.0.0 (location: C:\Users\ASUS TUF\My project (1)\Library\PackageCache\com.unity.modules.screencapture)
    com.unity.modules.terrain@1.0.0 (location: C:\Users\ASUS TUF\My project (1)\Library\PackageCache\com.unity.modules.terrain)
    com.unity.modules.terrainphysics@1.0.0 (location: C:\Users\ASUS TUF\My project (1)\Library\PackageCache\com.unity.modules.terrainphysics)
    com.unity.modules.tetgen@1.0.0 (location: C:\Users\ASUS TUF\My project (1)\Library\PackageCache\com.unity.modules.tetgen)
    com.unity.modules.tilemap@1.0.0 (location: C:\Users\ASUS TUF\My project (1)\Library\PackageCache\com.unity.modules.tilemap)
    com.unity.modules.timelinefoundation@1.0.0 (location: C:\Users\ASUS TUF\My project (1)\Library\PackageCache\com.unity.modules.timelinefoundation)
    com.unity.modules.ui@1.0.0 (location: C:\Users\ASUS TUF\My project (1)\Library\PackageCache\com.unity.modules.ui)
    com.unity.modules.uielements@1.0.0 (location: C:\Users\ASUS TUF\My project (1)\Library\PackageCache\com.unity.modules.uielements)
    com.unity.modules.umbra@1.0.0 (location: C:\Users\ASUS TUF\My project (1)\Library\PackageCache\com.unity.modules.umbra)
    com.unity.modules.unityanalytics@1.0.0 (location: C:\Users\ASUS TUF\My project (1)\Library\PackageCache\com.unity.modules.unityanalytics)
    com.unity.modules.unitywebrequest@1.0.0 (location: C:\Users\ASUS TUF\My project (1)\Library\PackageCache\com.unity.modules.unitywebrequest)
    com.unity.modules.unitywebrequestassetbundle@1.0.0 (location: C:\Users\ASUS TUF\My project (1)\Library\PackageCache\com.unity.modules.unitywebrequestassetbundle)
    com.unity.modules.unitywebrequestaudio@1.0.0 (location: C:\Users\ASUS TUF\My project (1)\Library\PackageCache\com.unity.modules.unitywebrequestaudio)
    com.unity.modules.unitywebrequesttexture@1.0.0 (location: C:\Users\ASUS TUF\My project (1)\Library\PackageCache\com.unity.modules.unitywebrequesttexture)
    com.unity.modules.unitywebrequestwww@1.0.0 (location: C:\Users\ASUS TUF\My project (1)\Library\PackageCache\com.unity.modules.unitywebrequestwww)
    com.unity.modules.vectorgraphics@1.0.0 (location: C:\Users\ASUS TUF\My project (1)\Library\PackageCache\com.unity.modules.vectorgraphics)
    com.unity.modules.vehicles@1.0.0 (location: C:\Users\ASUS TUF\My project (1)\Library\PackageCache\com.unity.modules.vehicles)
    com.unity.modules.video@1.0.0 (location: C:\Users\ASUS TUF\My project (1)\Library\PackageCache\com.unity.modules.video)
    com.unity.modules.wind@1.0.0 (location: C:\Users\ASUS TUF\My project (1)\Library\PackageCache\com.unity.modules.wind)
    com.unity.modules.xr@1.0.0 (location: C:\Users\ASUS TUF\My project (1)\Library\PackageCache\com.unity.modules.xr)
    com.unity.modules.subsystems@1.0.0 (location: C:\Users\ASUS TUF\My project (1)\Library\PackageCache\com.unity.modules.subsystems)
    com.unity.modules.hierarchycore@1.0.0 (location: C:\Users\ASUS TUF\My project (1)\Library\PackageCache\com.unity.modules.hierarchycore)
    com.unity.test-framework@1.8.0 (location: C:\Users\ASUS TUF\My project (1)\Library\PackageCache\com.unity.test-framework@7a3849e09bd0)
    com.unity.ext.nunit@2.1.0 (location: C:\Users\ASUS TUF\My project (1)\Library\PackageCache\com.unity.ext.nunit@0198eae3b53e)
    com.unity.editorcoroutines@6.6.0 (location: C:\Users\ASUS TUF\My project (1)\Library\PackageCache\com.unity.editorcoroutines@8cd72baa102a)
[Subsystems] No new subsystems found in resolved package list.
[Package Manager] Done registering packages in 0.02 seconds
Starting: C:\Program Files\Unity\Hub\Editor\6000.6.0f1\Editor\Data\Tools\BuildPipeline\bee_backend.exe --ipc --defer-dag-verification --dagfile="Library/Bee/1900b0aE.dag" --continue-on-failure --profile="Library/Bee/backend1.traceevents" ScriptAssemblies
WorkingDir: C:/Users/ASUS TUF/My project (1)
ExitCode: 0 Duration: 0s474ms
[458/564    0s] ILPP-Configuration Library/ilpp-configuration.nevergeneratedoutput
*** Tundra build success (0.40 seconds), 1 items updated, 564 evaluated
AssetDatabase: script compilation time: 1.464673s
Begin MonoManager ReloadAssembly
Total cache size 60461344
Total cache size after purge 60461344, took 00:00:00.0987585
Refreshing native plugins compatible for Editor in 84.06 ms, found 4 plugins.
Native extension for WindowsStandalone target not found
ScheduleIndexationOnStartup MainProcess:True IndexOnStartup:True
Scripting: successfully reloaded assembly
- Finished resetting the current domain, in  0.997 seconds
Domain Reload Profiling: 3761ms
	BeginReloadAssembly (289ms)
		DisableScriptedObjects (57ms)
		CreateAndSetChildDomain (54ms)
	RebuildCommonClasses (11ms)
	RebuildNativeTypeToScriptingClass (18ms)
	initialDomainReloadingComplete (58ms)
	LoadAllAssembliesAndSetupDomain (2388ms)
		LoadAssemblies (1944ms)
		TypeCache.Refresh (297ms)
			TypeCache.ScanAssembly (278ms)
		AnalyzeDomain (70ms)
			BuildScriptInfoCaches (63ms)
			ResolveRequiredComponents (4ms)
	FinalizeReload (998ms)
		SetupLoadedEditorAssemblies (0ms)
			BeforeProcessingInitializeOnLoad (146ms)
			ProcessInitializeOnLoadAttributes (471ms)
			ProcessInitializeOnLoadMethodAttributes (79ms)
			AfterProcessingInitializeOnLoad (8ms)
		AwakeInstancesAfterBackupRestoration (39ms)
Starting new worker id: 0 with log in C:/Users/ASUS TUF/My project (1)/Logs/AssetImportWorkerHW0.log

Asset Pipeline Refresh (id=d2cb4c240f8e1834199955a0edf48cd8): Total: 11.205 seconds - Initiated by InitialRefreshV2(ForceSynchronousImport)
	(Values over 0.05ms)
	Summary:
		Imports: total=0 (actual=0, local cache=0, cache server=0)
		Asset DB Process Time: managed=0 ms, native=6722 ms
		Asset DB Callback time: managed=111 ms, native=53 ms
		Scripting: domain reloads=1, domain reload time=2813 ms, compile time=1468 ms, other=37 ms
		Project Asset Count: scripts=834, non-scripts=929
		Asset File Changes: new=0, changed=0, moved=0, deleted=0
		Scan Filter Count: 0
	InvokePackagesCallback: 54.766ms
	ApplyChangesToAssetFolders: 0.603ms
	Scan: 63.162ms
	Collect global state as custom dependencies: 10.008ms
	CategorizeScriptCompilationAssets: 2096.679ms
	ProcessAssetsWithTransientArtifactChanges: 59.718ms
	CategorizeAssets: 22.667ms
	CompileScripts: 1467.786ms
	ImportOutOfDateAssets: 1103.862ms (1089.956ms without children)
		UnloadImportedAssets: 0.134ms
		EnsureUptoDateAssetsAreRegisteredWithGuidPM: 0.408ms
		ImportSchedulerStart: 13.358ms
	PostProcessAllAssets: 111.273ms
		MonoPostProcessAllAssets: 111.148ms
			SyncVS.PostprocessSyncProject 67.436ms
			WindowAssetPostprocessingWatcher.OnPostprocessAllAssets 20.540ms
			SpeedTree9Postprocessor.OnPostprocessAllAssets 2.130ms
			EditModeScopePostprocessor.OnPostprocessAllAssets 2.110ms
			ReferencedClipsPostProcessor.OnPostprocessAllAssets 1.101ms
			InputActionAssetPostprocessor.OnPostprocessAllAssets 0.784ms
			TerrainToolbarOverlayPostProcessor.OnPostprocessAllAssets 0.490ms
			AssetDatabaseCallbacks.OnPostprocessAllAssets 0.436ms
			ProjectSettingsPostprocessor.OnPostprocessAllAssets 0.422ms
			RenderPipelineGlobalSettingsPostprocessor.OnPostprocessAllAssets 0.214ms
	UnloadStreamsBegin: 2.119ms
	PersistCurrentRevisions: 0.092ms
	GenerateScriptTypeHashes: 1.386ms
	GenerateScriptTypeSerializationHashes: 2.961ms
	Untracked: 6176.909ms

Application.AssetDatabase Initial Refresh End
Launched and connected shader compiler UnityShaderCompiler.exe after 0.05 seconds
Scanning for USB devices : 1.403ms
Initializing Unity extensions:
[MODES] ModeService[none].Initialize
[MODES] ModeService[none].LoadModes
[MODES] Loading mode Default (0) for mode-current-id-My project (1)
Unloading 2 Unused Serialized files (Serialized files now loaded: 0)
Loaded scene 'Assets/Scenes/SampleScene.unity'
	Deserialize:            10.522 ms
	Integration:            12.559 ms
	Integration of assets:  0.003 ms
	Thread Wait Time:       0.061 ms
	Total Operation Time:   23.144 ms
Unloading 4315 unused Assets / (2.4 MB). Loaded Objects now: 5057.
Memory consumption went from 330.3 MB to 327.9 MB.
Total: 9.416500 ms (FindLiveObjects: 0.878200 ms CreateObjectMapping: 0.338000 ms MarkObjects: 6.828800 ms  DeleteObjects: 1.112400 ms)

[LAYOUT] About to load UserSettings\Layouts\default-6000.dwlt, keepMainWindow=False
Worker ready: AssetImportWorkerHW0 0
[LAYOUT] About to save layout C:\Users\ASUS TUF\My project (1)\UserSettings\Layouts\default-6000.dwlt
[LAYOUT] About to save layout C:/Users/ASUS TUF/AppData/Roaming/Unity/Editor-5.x/Preferences\Layouts\current\default-6000.dwlt
[MODES] ModeService[default].InitializeCurrentMode
[MODES] ModeService[default].RaiseModeChanged(default, default)
<RI> Initializing input.
Using Windows.Gaming.Input
[Project] Loading completed in 34.550 seconds
	Project init time: 				32.905 seconds
		Template init time: 		0.000 seconds
		Package Manager init time: 		6.770 seconds
		Asset Database init time: 		0.921 seconds
		Global illumination init time: 	0.033 seconds
		Assemblies load time: 			10.168 seconds
		Unity extensions init time: 	0.023 seconds
		Asset Database refresh time: 	11.206 seconds
	Scene opening time: 			1.476 seconds
##utp:{"type":"ProjectInfo","version":2,"phase":"Immediate","time":1788353721472,"processId":20792,"projectLoad":34.550413799999994,"projectInit":32.9046359,"templateInit":0.0,"packageManagerInit":6.7702623,"assetDatabaseInit":0.9206835,"globalIlluminationInit":0.0334754,"assembliesLoad":10.1681577,"unityExtensionsInit":0.0230677,"assetDatabaseRefresh":11.2059067,"sceneOpening":1.4759729}
##utp:{"type":"EditorInfo","version":2,"phase":"Immediate","time":1788353721472,"processId":20792,"editorVersion":"6000.6.0f1 (f7f8ed4d1e24)","branch":"6000.6/respin/6000.6.0f1-fa21a270ab12","buildType":"Release","platform":"Windows"}
[Licensing::Client] Successfully resolved entitlement details
Created GICache directory at C:/Users/ASUS TUF/AppData/LocalLow/Unity/Caches/GiCache. Took: 0.012s, timestamps: [35.868 - 35.880]
[Licensing::Client] Successfully updated the access token
[Licensing::Module] Successfully updated access token: "aV16Ilf2"... (expires: 2026-09-02T14:54:27Z)
[Licensing::Client] Successfully resolved entitlement details
[Licensing::Client] Successfully resolved entitlement details
UPID Received 'f495448b-fb41-4bb5-acc1-87e69395cbb5'.
[Licensing::Client] Successfully resolved entitlement details
Asset Pipeline Refresh (id=48d8f3f54963c3c4d92d858712fdfdcd): Total: 0.049 seconds - Initiated by RefreshV2(AllowForceSynchronousImport)
Start Indexing on Editor startup
[Indexing] Starting Initial Indexing for Assets
Reloading assemblies for play mode.
Reloading assemblies after forced synchronous recompile.
Begin MonoManager ReloadAssembly
Native extension for WindowsStandalone target not found
ScheduleIndexationOnStartup MainProcess:True IndexOnStartup:True
[MODES] ModeService[none].Initialize
[MODES] ModeService[none].LoadModes
Scripting: successfully reloaded assembly
- Finished resetting the current domain, in  1.611 seconds
Domain Reload Profiling: 2439ms
	BeginReloadAssembly (552ms)
		DisableScriptedObjects (149ms)
		CreateAndSetChildDomain (231ms)
	RebuildCommonClasses (10ms)
	RebuildNativeTypeToScriptingClass (18ms)
	initialDomainReloadingComplete (54ms)
	LoadAllAssembliesAndSetupDomain (193ms)
		LoadAssemblies (128ms)
		TypeCache.Refresh (9ms)
		AnalyzeDomain (6ms)
			ResolveRequiredComponents (4ms)
	FinalizeReload (1612ms)
		SetupLoadedEditorAssemblies (0ms)
			BeforeProcessingInitializeOnLoad (105ms)
			ProcessInitializeOnLoadAttributes (342ms)
			ProcessInitializeOnLoadMethodAttributes (58ms)
			AfterProcessingInitializeOnLoad (4ms)
		AwakeInstancesAfterBackupRestoration (699ms)
No restricted APIs configured; Validation skipped.
Checking 14 assemblies for restricted APIs found 0 usage(s) in 4 ms

Asset Pipeline Refresh (id=3696dd083411f4744bb77cc651c04411): Total: 3.212 seconds - Initiated by StopAssetImportingV2(ForceSynchronousImport | ForceDomainReload)
	(Values over 0.05ms)
	Summary:
		Imports: total=0 (actual=0, local cache=0, cache server=0)
		Asset DB Process Time: managed=0 ms, native=1795 ms
		Asset DB Callback time: managed=379 ms, native=162 ms
		Scripting: domain reloads=1, domain reload time=871 ms, compile time=3 ms, other=0 ms
		Project Asset Count: scripts=834, non-scripts=929
		Asset File Changes: new=0, changed=0, moved=0, deleted=0
		Scan Filter Count: 0
	InvokePackagesCallback: 1.525ms
	ApplyChangesToAssetFolders: 0.286ms
	Collect global state as custom dependencies: 0.719ms
	ProcessAssetsWithTransientArtifactChanges: 115.652ms
	CategorizeAssets: 11.969ms
	CompileScripts: 2.865ms
	ImportOutOfDateAssets: 1619.207ms (1616.897ms without children)
		UnloadImportedAssets: 1.717ms
		EnsureUptoDateAssetsAreRegisteredWithGuidPM: 0.282ms
		ImportSchedulerStart: 0.302ms
	PostProcessAllAssets: 525.808ms
		AssemblyValidation.PostprocessAllAssets 11.752ms
		PostprocessAssetsUpdateCachedIcon 11.011ms
		PostProcessCallbackCreateDeferredMaterials 10.684ms
		RaytracingShaderImportPostprocess 6.389ms
		ShaderAssetModifiedCallback 5.434ms
		ComputeShaderImportPostprocess 5.294ms
		SpeedTreeImporter.PostprocessAllAssets 4.500ms
		BlockShaderImporter.PostprocessAllAssets 2.277ms
		LocalizationDatabase.AssetDatabasePostprocessCallback 1.900ms
		XRBuildSystem.XRAssetImported 0.316ms
		MonoPostProcessAllAssets: 375.963ms
			SyncVS.PostprocessSyncProject 220.641ms
			InputActionJsonNameModifierAssetProcessor.OnPostprocessAllAssets 27.507ms
			AssetPostprocessor.OnPostprocessAllAssets 27.173ms
			InputActionAssetPostprocessor.OnPostprocessAllAssets 25.960ms
			TextAssetPostProcessor.OnPostprocessAllAssets 16.540ms
			AssetChangedListener.OnPostprocessAllAssets 12.560ms
			BuilderAssetPostprocessor.OnPostprocessAllAssets 9.125ms
			WindowAssetPostprocessingWatcher.OnPostprocessAllAssets 5.820ms
			SpeedTree9Postprocessor.OnPostprocessAllAssets 4.073ms
			RetainedModeAssetPostprocessor.OnPostprocessAllAssets 2.068ms
			ProjectSettingsPostprocessor.OnPostprocessAllAssets 1.268ms
			ArtifactBrowserPostProcessor.OnPostprocessAllAssets 0.584ms
			SpeedTreePostProcessor.OnPostprocessAllAssets 0.467ms
			AudioMixerPostprocessor.OnPostprocessAllAssets 0.449ms
			StyleCatalogPostProcessor.OnPostprocessAllAssets 0.414ms
			ThemePostprocessor.OnPostprocessAllAssets 0.400ms
			UVCSAssetPostprocessor.OnPostprocessAllAssets 0.400ms
			TMPro_TexturePostProcessor.OnPostprocessAllAssets 0.332ms
			SamplePostprocessor.OnPostprocessAllAssets 0.313ms
			EditModeScopePostprocessor.OnPostprocessAllAssets 0.294ms
			ReferencedClipsPostProcessor.OnPostprocessAllAssets 0.291ms
			AssetEvents.OnPostprocessAllAssets 0.260ms
			TerrainToolbarOverlayPostProcessor.OnPostprocessAllAssets 0.196ms
			AssetDatabaseCallbacks.OnPostprocessAllAssets 0.178ms
			ConfigAssetsTracker.OnPostprocessAllAssets 0.148ms
			ScenarioDriftAssetsTracker.OnPostprocessAllAssets 0.143ms
			AssetReloadNotifier.OnPostprocessAllAssets 0.129ms
			AudioContainerPostProcessor.OnPostprocessAllAssets 0.114ms
			RenderPipelineGlobalSettingsPostprocessor.OnPostprocessAllAssets 0.113ms
	PostAssetChangesProfiler: 15.763ms
	GatherAllCurrentPrimaryImportResultRevisions: 0.146ms
	UnloadStreamsBegin: 1.586ms
	PersistCurrentRevisions: 0.057ms
	GenerateScriptTypeHashes: 0.682ms
	GenerateScriptTypeSerializationHashes: 1.470ms
	Untracked: 895.345ms

Loaded scene 'Temp/__Backupscenes/0.backup'
	Deserialize:            0.810 ms
	Integration:            494.137 ms
	Integration of assets:  0.002 ms
	Thread Wait Time:       0.014 ms
	Total Operation Time:   494.962 ms
[Licensing::Client] Successfully resolved entitlement details
[Licensing::Client] Successfully resolved entitlement details
TrimDiskCacheJob: Current cache size 0mb
Unloading 0 Unused Serialized files (Serialized files now loaded: 0)
Loaded scene 'Temp/__Backupscenes/0.backup'
	Deserialize:            0.831 ms
	Integration:            20.476 ms
	Integration of assets:  0.002 ms
	Thread Wait Time:       0.010 ms
	Total Operation Time:   21.318 ms
Unloading 4064 unused Assets / (18.8 MB). Loaded Objects now: 6087.
Memory consumption went from 0.51 GB to 504.9 MB.
Total: 31.764300 ms (FindLiveObjects: 1.534200 ms CreateObjectMapping: 0.349500 ms MarkObjects: 23.734600 ms  DeleteObjects: 5.877400 ms)

[Licensing::Client] Successfully resolved entitlement details
Launched and connected shader compiler UnityShaderCompiler.exe after 0.01 seconds
Launched and connected shader compiler UnityShaderCompiler.exe after 0.01 seconds
Launched and connected shader compiler UnityShaderCompiler.exe after 0.01 seconds
Launched and connected shader compiler UnityShaderCompiler.exe after 0.01 seconds
Reloading assemblies for play mode.
Reloading assemblies after forced synchronous recompile.
[Licensing::Client] Successfully resolved entitlement details
Begin MonoManager ReloadAssembly
Native extension for WindowsStandalone target not found
ScheduleIndexationOnStartup MainProcess:True IndexOnStartup:True
[MODES] ModeService[none].Initialize
[MODES] ModeService[none].LoadModes
Scripting: successfully reloaded assembly
- Finished resetting the current domain, in  1.701 seconds
Domain Reload Profiling: 2501ms
	BeginReloadAssembly (520ms)
		DisableScriptedObjects (116ms)
		CreateAndSetChildDomain (239ms)
	RebuildCommonClasses (10ms)
	RebuildNativeTypeToScriptingClass (18ms)
	initialDomainReloadingComplete (53ms)
	LoadAllAssembliesAndSetupDomain (198ms)
		LoadAssemblies (130ms)
		TypeCache.Refresh (8ms)
		AnalyzeDomain (6ms)
			ResolveRequiredComponents (4ms)
	FinalizeReload (1702ms)
		SetupLoadedEditorAssemblies (0ms)
			BeforeProcessingInitializeOnLoad (127ms)
			ProcessInitializeOnLoadAttributes (349ms)
			ProcessInitializeOnLoadMethodAttributes (59ms)
			AfterProcessingInitializeOnLoad (4ms)
		AwakeInstancesAfterBackupRestoration (688ms)

Asset Pipeline Refresh (id=923b521fb7cce244783f7f976c253ef5): Total: 2.655 seconds - Initiated by StopAssetImportingV2(ForceSynchronousImport | ForceDomainReload)
	(Values over 0.05ms)
	Summary:
		Imports: total=0 (actual=0, local cache=0, cache server=0)
		Asset DB Process Time: managed=0 ms, native=1779 ms
		Asset DB Callback time: managed=25 ms, native=0 ms
		Scripting: domain reloads=1, domain reload time=847 ms, compile time=3 ms, other=0 ms
		Project Asset Count: scripts=834, non-scripts=929
		Asset File Changes: new=0, changed=0, moved=0, deleted=0
		Scan Filter Count: 0
	InvokePackagesCallback: 1.397ms
	ApplyChangesToAssetFolders: 0.305ms
	Collect global state as custom dependencies: 0.795ms
	ProcessAssetsWithTransientArtifactChanges: 0.133ms
	CategorizeAssets: 11.729ms
	CompileScripts: 2.514ms
	ImportOutOfDateAssets: 1707.791ms (1707.009ms without children)
		UnloadImportedAssets: 0.210ms
		EnsureUptoDateAssetsAreRegisteredWithGuidPM: 0.259ms
		ImportSchedulerStart: 0.303ms
	PostProcessAllAssets: 25.814ms
		MonoPostProcessAllAssets: 25.810ms
			InputActionJsonNameModifierAssetProcessor.OnPostprocessAllAssets 27.507ms
			AssetPostprocessor.OnPostprocessAllAssets 27.173ms
			TextAssetPostProcessor.OnPostprocessAllAssets 16.540ms
			AssetChangedListener.OnPostprocessAllAssets 12.560ms
			SyncVS.PostprocessSyncProject 9.308ms
			BuilderAssetPostprocessor.OnPostprocessAllAssets 9.125ms
			WindowAssetPostprocessingWatcher.OnPostprocessAllAssets 5.464ms
			RetainedModeAssetPostprocessor.OnPostprocessAllAssets 2.068ms
			SpeedTree9Postprocessor.OnPostprocessAllAssets 0.750ms
			ProjectSettingsPostprocessor.OnPostprocessAllAssets 0.722ms
			ArtifactBrowserPostProcessor.OnPostprocessAllAssets 0.584ms
			SpeedTreePostProcessor.OnPostprocessAllAssets 0.467ms
			AudioMixerPostprocessor.OnPostprocessAllAssets 0.449ms
			StyleCatalogPostProcessor.OnPostprocessAllAssets 0.414ms
			ThemePostprocessor.OnPostprocessAllAssets 0.400ms
			UVCSAssetPostprocessor.OnPostprocessAllAssets 0.400ms
			TMPro_TexturePostProcessor.OnPostprocessAllAssets 0.332ms
			SamplePostprocessor.OnPostprocessAllAssets 0.313ms
			InputActionAssetPostprocessor.OnPostprocessAllAssets 0.278ms
			AssetEvents.OnPostprocessAllAssets 0.260ms
			ReferencedClipsPostProcessor.OnPostprocessAllAssets 0.259ms
			EditModeScopePostprocessor.OnPostprocessAllAssets 0.254ms
			TerrainToolbarOverlayPostProcessor.OnPostprocessAllAssets 0.151ms
			AssetDatabaseCallbacks.OnPostprocessAllAssets 0.149ms
			ConfigAssetsTracker.OnPostprocessAllAssets 0.148ms
			ScenarioDriftAssetsTracker.OnPostprocessAllAssets 0.143ms
			AssetReloadNotifier.OnPostprocessAllAssets 0.129ms
			AudioContainerPostProcessor.OnPostprocessAllAssets 0.114ms
			RenderPipelineGlobalSettingsPostprocessor.OnPostprocessAllAssets 0.075ms
	GatherAllCurrentPrimaryImportResultRevisions: 0.176ms
	UnloadStreamsBegin: 1.738ms
	PersistCurrentRevisions: 0.060ms
	GenerateScriptTypeHashes: 0.655ms
	GenerateScriptTypeSerializationHashes: 1.385ms
	Untracked: 871.443ms

Loaded scene 'Temp/__Backupscenes/0.backup'
	Deserialize:            0.866 ms
	Integration:            401.544 ms
	Integration of assets:  0.003 ms
	Thread Wait Time:       0.050 ms
	Total Operation Time:   402.463 ms
[Licensing::Client] Successfully resolved entitlement details
[Licensing::Client] Successfully resolved entitlement details
Unloading 0 Unused Serialized files (Serialized files now loaded: 0)
Loaded scene 'Temp/__Backupscenes/0.backup'
	Deserialize:            0.717 ms
	Integration:            18.890 ms
	Integration of assets:  0.002 ms
	Thread Wait Time:       0.042 ms
	Total Operation Time:   19.651 ms
Unloading 52 unused Assets / (30.0 MB). Loaded Objects now: 6188.
Memory consumption went from 0.53 GB to 0.50 GB.
Total: 25.688500 ms (FindLiveObjects: 0.942600 ms CreateObjectMapping: 0.273100 ms MarkObjects: 23.032200 ms  DeleteObjects: 1.134100 ms)

[Licensing::Client] Successfully resolved entitlement details
Asset Pipeline Refresh (id=805a60926fcf5eb479f75bdee8ddfdb5): Total: 0.015 seconds - Initiated by RefreshV2(AllowForceSynchronousImport)
Reloading assemblies for play mode.
Reloading assemblies after forced synchronous recompile.
[Licensing::Client] Successfully resolved entitlement details
Begin MonoManager ReloadAssembly
Native extension for WindowsStandalone target not found
ScheduleIndexationOnStartup MainProcess:True IndexOnStartup:True
[MODES] ModeService[none].Initialize
[MODES] ModeService[none].LoadModes
Scripting: successfully reloaded assembly
- Finished resetting the current domain, in  1.862 seconds
Domain Reload Profiling: 2659ms
	BeginReloadAssembly (502ms)
		DisableScriptedObjects (114ms)
		CreateAndSetChildDomain (228ms)
	RebuildCommonClasses (11ms)
	RebuildNativeTypeToScriptingClass (19ms)
	initialDomainReloadingComplete (59ms)
	LoadAllAssembliesAndSetupDomain (204ms)
		LoadAssemblies (124ms)
		TypeCache.Refresh (9ms)
		AnalyzeDomain (7ms)
			ResolveRequiredComponents (4ms)
	FinalizeReload (1863ms)
		SetupLoadedEditorAssemblies (0ms)
			BeforeProcessingInitializeOnLoad (126ms)
			ProcessInitializeOnLoadAttributes (364ms)
			ProcessInitializeOnLoadMethodAttributes (62ms)
			AfterProcessingInitializeOnLoad (5ms)
		AwakeInstancesAfterBackupRestoration (781ms)

Asset Pipeline Refresh (id=c355f5bf2164d04468778a64fabce1cb): Total: 2.799 seconds - Initiated by StopAssetImportingV2(ForceSynchronousImport | ForceDomainReload)
	(Values over 0.05ms)
	Summary:
		Imports: total=0 (actual=0, local cache=0, cache server=0)
		Asset DB Process Time: managed=0 ms, native=1928 ms
		Asset DB Callback time: managed=24 ms, native=0 ms
		Scripting: domain reloads=1, domain reload time=842 ms, compile time=2 ms, other=0 ms
		Project Asset Count: scripts=834, non-scripts=929
		Asset File Changes: new=0, changed=0, moved=0, deleted=0
		Scan Filter Count: 0
	InvokePackagesCallback: 1.441ms
	ApplyChangesToAssetFolders: 0.290ms
	Collect global state as custom dependencies: 0.720ms
	ProcessAssetsWithTransientArtifactChanges: 0.160ms
	CategorizeAssets: 11.991ms
	CompileScripts: 2.152ms
	ImportOutOfDateAssets: 1869.158ms (1868.431ms without children)
		UnloadImportedAssets: 0.180ms
		EnsureUptoDateAssetsAreRegisteredWithGuidPM: 0.250ms
		ImportSchedulerStart: 0.288ms
	PostProcessAllAssets: 24.689ms
		MonoPostProcessAllAssets: 24.684ms
			InputActionJsonNameModifierAssetProcessor.OnPostprocessAllAssets 27.507ms
			AssetPostprocessor.OnPostprocessAllAssets 27.173ms
			TextAssetPostProcessor.OnPostprocessAllAssets 16.540ms
			AssetChangedListener.OnPostprocessAllAssets 12.560ms
			BuilderAssetPostprocessor.OnPostprocessAllAssets 9.125ms
			SyncVS.PostprocessSyncProject 9.058ms
			WindowAssetPostprocessingWatcher.OnPostprocessAllAssets 5.132ms
			RetainedModeAssetPostprocessor.OnPostprocessAllAssets 2.068ms
			SpeedTree9Postprocessor.OnPostprocessAllAssets 0.731ms
			ProjectSettingsPostprocessor.OnPostprocessAllAssets 0.701ms
			ArtifactBrowserPostProcessor.OnPostprocessAllAssets 0.584ms
			SpeedTreePostProcessor.OnPostprocessAllAssets 0.467ms
			AudioMixerPostprocessor.OnPostprocessAllAssets 0.449ms
			StyleCatalogPostProcessor.OnPostprocessAllAssets 0.414ms
			ThemePostprocessor.OnPostprocessAllAssets 0.400ms
			UVCSAssetPostprocessor.OnPostprocessAllAssets 0.400ms
			TMPro_TexturePostProcessor.OnPostprocessAllAssets 0.332ms
			SamplePostprocessor.OnPostprocessAllAssets 0.313ms
			InputActionAssetPostprocessor.OnPostprocessAllAssets 0.268ms
			AssetEvents.OnPostprocessAllAssets 0.260ms
			ReferencedClipsPostProcessor.OnPostprocessAllAssets 0.254ms
			EditModeScopePostprocessor.OnPostprocessAllAssets 0.244ms
			ConfigAssetsTracker.OnPostprocessAllAssets 0.148ms
			ScenarioDriftAssetsTracker.OnPostprocessAllAssets 0.143ms
			AssetDatabaseCallbacks.OnPostprocessAllAssets 0.141ms
			TerrainToolbarOverlayPostProcessor.OnPostprocessAllAssets 0.133ms
			AssetReloadNotifier.OnPostprocessAllAssets 0.129ms
			AudioContainerPostProcessor.OnPostprocessAllAssets 0.114ms
			RenderPipelineGlobalSettingsPostprocessor.OnPostprocessAllAssets 0.078ms
	GatherAllCurrentPrimaryImportResultRevisions: 0.130ms
	UnloadStreamsBegin: 1.884ms
	PersistCurrentRevisions: 0.059ms
	GenerateScriptTypeHashes: 0.585ms
	GenerateScriptTypeSerializationHashes: 1.244ms
	Untracked: 866.844ms

Loaded scene 'Temp/__Backupscenes/0.backup'
	Deserialize:            0.918 ms
	Integration:            447.642 ms
	Integration of assets:  0.003 ms
	Thread Wait Time:       0.033 ms
	Total Operation Time:   448.596 ms
[Licensing::Client] Successfully resolved entitlement details
[Licensing::Client] Successfully resolved entitlement details
Asset Pipeline Refresh (id=f4a625a0c584c474a96cdde9311421d8): Total: 0.013 seconds - Initiated by RefreshV2(NoUpdateAssetOptions)
Asset Pipeline Refresh (id=1b0737f347aaff14d948a97a80b71b83): Total: 0.003 seconds - Initiated by RefreshV2(NoUpdateAssetOptions)
Asset Pipeline Refresh (id=0b61054963db80744ba5e091c4fc586b): Total: 0.004 seconds - Initiated by RefreshV2(NoUpdateAssetOptions)
Asset Pipeline Refresh (id=ea027110ff0145946b2dfce6c675d426): Total: 0.003 seconds - Initiated by RefreshV2(NoUpdateAssetOptions)
Asset Pipeline Refresh (id=10e05b6ba31be414985c21bddf30c493): Total: 0.003 seconds - Initiated by RefreshV2(NoUpdateAssetOptions)
Asset Pipeline Refresh (id=65dadd0718d642a44ba88a37ad7339ed): Total: 0.003 seconds - Initiated by RefreshV2(NoUpdateAssetOptions)
Asset Pipeline Refresh (id=be030c5ba5173e74d970efb02603d830): Total: 0.003 seconds - Initiated by RefreshV2(NoUpdateAssetOptions)
Asset Pipeline Refresh (id=c81406f3134ff754984f64398a289004): Total: 0.003 seconds - Initiated by RefreshV2(NoUpdateAssetOptions)
Asset Pipeline Refresh (id=e4c7af324107d67498223df5bf95a757): Total: 0.003 seconds - Initiated by RefreshV2(NoUpdateAssetOptions)
Asset Pipeline Refresh (id=463ce362517a4e242aba8dc3794bf76f): Total: 0.006 seconds - Initiated by RefreshV2(NoUpdateAssetOptions)
Asset Pipeline Refresh (id=acd0eb66e026132469db1c08a9632391): Total: 0.003 seconds - Initiated by RefreshV2(NoUpdateAssetOptions)
Asset Pipeline Refresh (id=2b1be67b27637af4991d08cda96b56a2): Total: 0.003 seconds - Initiated by RefreshV2(NoUpdateAssetOptions)
Asset Pipeline Refresh (id=475cb87decd6380498dc3d4beead3533): Total: 0.003 seconds - Initiated by RefreshV2(NoUpdateAssetOptions)
Asset Pipeline Refresh (id=b50e11aaca0e5234798545e5af5b8d2d): Total: 0.006 seconds - Initiated by RefreshV2(NoUpdateAssetOptions)
Asset Pipeline Refresh (id=2d23a64edf6eec34c87d5351e8abe433): Total: 0.003 seconds - Initiated by RefreshV2(NoUpdateAssetOptions)
Asset Pipeline Refresh (id=ab7bbba384f656e46b6355069953e495): Total: 0.003 seconds - Initiated by RefreshV2(NoUpdateAssetOptions)
Asset Pipeline Refresh (id=1e49f6c515d63ae4f8d53a6c9838b616): Total: 0.003 seconds - Initiated by RefreshV2(NoUpdateAssetOptions)
Asset Pipeline Refresh (id=c0dd0d43498598e41a81ab44c1404bfc): Total: 0.003 seconds - Initiated by RefreshV2(NoUpdateAssetOptions)
Asset Pipeline Refresh (id=f6407c5b0e07e234fa8d3d2258f3e213): Total: 0.003 seconds - Initiated by RefreshV2(NoUpdateAssetOptions)
Asset Pipeline Refresh (id=45cd6e496afc68a428b99553742d3fba): Total: 0.003 seconds - Initiated by RefreshV2(NoUpdateAssetOptions)
Unloading 1 Unused Serialized files (Serialized files now loaded: 0)
Loaded scene 'Temp/__Backupscenes/0.backup'
	Deserialize:            0.830 ms
	Integration:            23.865 ms
	Integration of assets:  0.001 ms
	Thread Wait Time:       0.035 ms
	Total Operation Time:   24.731 ms
Unloading 16 unused Assets / (29.5 MB). Loaded Objects now: 6184.
Memory consumption went from 0.53 GB to 0.50 GB.
Total: 28.929500 ms (FindLiveObjects: 1.057700 ms CreateObjectMapping: 0.220300 ms MarkObjects: 25.789900 ms  DeleteObjects: 1.545500 ms)

[Licensing::Client] Successfully resolved entitlement details
Scanning for USB devices : 1.577ms
Reloading assemblies for play mode.
Reloading assemblies after forced synchronous recompile.
Begin MonoManager ReloadAssembly
Native extension for WindowsStandalone target not found
ScheduleIndexationOnStartup MainProcess:True IndexOnStartup:True
[MODES] ModeService[none].Initialize
[MODES] ModeService[none].LoadModes
Scripting: successfully reloaded assembly
- Finished resetting the current domain, in  2.014 seconds
Domain Reload Profiling: 2860ms
	BeginReloadAssembly (537ms)
		DisableScriptedObjects (114ms)
		CreateAndSetChildDomain (239ms)
	RebuildCommonClasses (11ms)
	RebuildNativeTypeToScriptingClass (20ms)
	initialDomainReloadingComplete (62ms)
	LoadAllAssembliesAndSetupDomain (215ms)
		LoadAssemblies (137ms)
		TypeCache.Refresh (9ms)
		AnalyzeDomain (7ms)
			ResolveRequiredComponents (4ms)
	FinalizeReload (2015ms)
		SetupLoadedEditorAssemblies (0ms)
			BeforeProcessingInitializeOnLoad (124ms)
			ProcessInitializeOnLoadAttributes (395ms)
			ProcessInitializeOnLoadMethodAttributes (67ms)
			AfterProcessingInitializeOnLoad (5ms)
		AwakeInstancesAfterBackupRestoration (840ms)

Asset Pipeline Refresh (id=0b7eb018033c7d94eae6519241876a92): Total: 3.003 seconds - Initiated by StopAssetImportingV2(ForceSynchronousImport | ForceDomainReload)
	(Values over 0.05ms)
	Summary:
		Imports: total=0 (actual=0, local cache=0, cache server=0)
		Asset DB Process Time: managed=0 ms, native=2087 ms
		Asset DB Callback time: managed=28 ms, native=0 ms
		Scripting: domain reloads=1, domain reload time=884 ms, compile time=3 ms, other=0 ms
		Project Asset Count: scripts=834, non-scripts=929
		Asset File Changes: new=0, changed=0, moved=0, deleted=0
		Scan Filter Count: 0
	InvokePackagesCallback: 1.377ms
	ApplyChangesToAssetFolders: 0.278ms
	Collect global state as custom dependencies: 0.773ms
	ProcessAssetsWithTransientArtifactChanges: 0.175ms
	CategorizeAssets: 13.837ms
	CompileScripts: 2.752ms
	ImportOutOfDateAssets: 2021.608ms (2020.761ms without children)
		UnloadImportedAssets: 0.184ms
		EnsureUptoDateAssetsAreRegisteredWithGuidPM: 0.268ms
		ImportSchedulerStart: 0.385ms
	PostProcessAllAssets: 28.051ms
		MonoPostProcessAllAssets: 28.046ms
			InputActionJsonNameModifierAssetProcessor.OnPostprocessAllAssets 27.507ms
			AssetPostprocessor.OnPostprocessAllAssets 27.173ms
			TextAssetPostProcessor.OnPostprocessAllAssets 16.540ms
			AssetChangedListener.OnPostprocessAllAssets 12.560ms
			SyncVS.PostprocessSyncProject 10.330ms
			BuilderAssetPostprocessor.OnPostprocessAllAssets 9.125ms
			WindowAssetPostprocessingWatcher.OnPostprocessAllAssets 5.820ms
			RetainedModeAssetPostprocessor.OnPostprocessAllAssets 2.068ms
			ProjectSettingsPostprocessor.OnPostprocessAllAssets 0.878ms
			SpeedTree9Postprocessor.OnPostprocessAllAssets 0.856ms
			ArtifactBrowserPostProcessor.OnPostprocessAllAssets 0.584ms
			SpeedTreePostProcessor.OnPostprocessAllAssets 0.467ms
			AudioMixerPostprocessor.OnPostprocessAllAssets 0.449ms
			StyleCatalogPostProcessor.OnPostprocessAllAssets 0.414ms
			ThemePostprocessor.OnPostprocessAllAssets 0.400ms
			UVCSAssetPostprocessor.OnPostprocessAllAssets 0.400ms
			InputActionAssetPostprocessor.OnPostprocessAllAssets 0.364ms
			TMPro_TexturePostProcessor.OnPostprocessAllAssets 0.332ms
			SamplePostprocessor.OnPostprocessAllAssets 0.313ms
			ReferencedClipsPostProcessor.OnPostprocessAllAssets 0.294ms
			EditModeScopePostprocessor.OnPostprocessAllAssets 0.271ms
			AssetEvents.OnPostprocessAllAssets 0.260ms
			TerrainToolbarOverlayPostProcessor.OnPostprocessAllAssets 0.170ms
			AssetDatabaseCallbacks.OnPostprocessAllAssets 0.163ms
			ConfigAssetsTracker.OnPostprocessAllAssets 0.148ms
			ScenarioDriftAssetsTracker.OnPostprocessAllAssets 0.143ms
			AssetReloadNotifier.OnPostprocessAllAssets 0.129ms
			AudioContainerPostProcessor.OnPostprocessAllAssets 0.114ms
			RenderPipelineGlobalSettingsPostprocessor.OnPostprocessAllAssets 0.093ms
	GatherAllCurrentPrimaryImportResultRevisions: 0.088ms
	UnloadStreamsBegin: 1.902ms
	PersistCurrentRevisions: 0.065ms
	GenerateScriptTypeHashes: 0.716ms
	GenerateScriptTypeSerializationHashes: 1.511ms
	Untracked: 910.640ms

Loaded scene 'Temp/__Backupscenes/0.backup'
	Deserialize:            0.711 ms
	Integration:            425.019 ms
	Integration of assets:  0.001 ms
	Thread Wait Time:       0.089 ms
	Total Operation Time:   425.821 ms
[Licensing::Client] Successfully resolved entitlement details
[Licensing::Client] Successfully resolved entitlement details
Asset Pipeline Refresh (id=0419533fa99059f4490cad04a62e1bee): Total: 0.012 seconds - Initiated by RefreshV2(NoUpdateAssetOptions)
Asset Pipeline Refresh (id=e39fa6924c808354e8dfb8d25147a653): Total: 0.004 seconds - Initiated by RefreshV2(NoUpdateAssetOptions)
Scanning for USB devices : 1.435ms
Scanning for USB devices : 58.815ms
Asset Pipeline Refresh (id=370f963f07e593b4badf1671c448f97f): Total: 0.003 seconds - Initiated by RefreshV2(NoUpdateAssetOptions)
Asset Pipeline Refresh (id=1f2d2e05bfa92c646b17ac8301070ba8): Total: 0.003 seconds - Initiated by RefreshV2(NoUpdateAssetOptions)
Asset Pipeline Refresh (id=94983e014d77820489066cd0cc2d049e): Total: 0.003 seconds - Initiated by RefreshV2(NoUpdateAssetOptions)
Asset Pipeline Refresh (id=fde1b9989fd7713488f95fbc5888f8e3): Total: 0.003 seconds - Initiated by RefreshV2(NoUpdateAssetOptions)
Asset Pipeline Refresh (id=2b908cd3a0c9c4b4eaae287302bd51cb): Total: 0.003 seconds - Initiated by RefreshV2(NoUpdateAssetOptions)
Asset Pipeline Refresh (id=f4f5e86666894dc4588ead8f4e8c2ce9): Total: 0.003 seconds - Initiated by RefreshV2(NoUpdateAssetOptions)
Asset Pipeline Refresh (id=c19b65dfc1b38ea4eb1a38edf681d5c3): Total: 0.003 seconds - Initiated by RefreshV2(NoUpdateAssetOptions)
BoxCollider does not support negative scale or size.
The effective box size has been forced positive and is likely to give unexpected collision geometry.
If you absolutely need to use negative scaling you can use the convex MeshCollider. Scene hierarchy path "ดพrer"
Unloading 0 Unused Serialized files (Serialized files now loaded: 0)
Loaded scene 'Temp/__Backupscenes/0.backup'
	Deserialize:            0.773 ms
	Integration:            21.250 ms
	Integration of assets:  0.002 ms
	Thread Wait Time:       0.036 ms
	Total Operation Time:   22.061 ms
Unloading 16 unused Assets / (29.8 MB). Loaded Objects now: 6216.
Memory consumption went from 0.54 GB to 0.51 GB.
Total: 30.342700 ms (FindLiveObjects: 1.013100 ms CreateObjectMapping: 0.259300 ms MarkObjects: 27.283500 ms  DeleteObjects: 1.448400 ms)

[Licensing::Client] Successfully resolved entitlement details
Reloading assemblies for play mode.
Reloading assemblies after forced synchronous recompile.
Begin MonoManager ReloadAssembly
Native extension for WindowsStandalone target not found
ScheduleIndexationOnStartup MainProcess:True IndexOnStartup:True
[MODES] ModeService[none].Initialize
[MODES] ModeService[none].LoadModes
Scripting: successfully reloaded assembly
- Finished resetting the current domain, in  1.861 seconds
Domain Reload Profiling: 2730ms
	BeginReloadAssembly (557ms)
		DisableScriptedObjects (114ms)
		CreateAndSetChildDomain (258ms)
	RebuildCommonClasses (12ms)
	RebuildNativeTypeToScriptingClass (21ms)
	initialDomainReloadingComplete (63ms)
	LoadAllAssembliesAndSetupDomain (215ms)
		LoadAssemblies (140ms)
		TypeCache.Refresh (9ms)
		AnalyzeDomain (7ms)
			ResolveRequiredComponents (4ms)
	FinalizeReload (1863ms)
		SetupLoadedEditorAssemblies (0ms)
			BeforeProcessingInitializeOnLoad (116ms)
			ProcessInitializeOnLoadAttributes (369ms)
			ProcessInitializeOnLoadMethodAttributes (65ms)
			AfterProcessingInitializeOnLoad (5ms)
		AwakeInstancesAfterBackupRestoration (815ms)

Asset Pipeline Refresh (id=4c6d0b56b983be64a979f6548cac38f4): Total: 2.882 seconds - Initiated by StopAssetImportingV2(ForceSynchronousImport | ForceDomainReload)
	(Values over 0.05ms)
	Summary:
		Imports: total=0 (actual=0, local cache=0, cache server=0)
		Asset DB Process Time: managed=0 ms, native=1938 ms
		Asset DB Callback time: managed=28 ms, native=0 ms
		Scripting: domain reloads=1, domain reload time=911 ms, compile time=3 ms, other=0 ms
		Project Asset Count: scripts=834, non-scripts=929
		Asset File Changes: new=0, changed=0, moved=0, deleted=0
		Scan Filter Count: 0
	InvokePackagesCallback: 1.504ms
	ApplyChangesToAssetFolders: 0.280ms
	Collect global state as custom dependencies: 0.726ms
	ProcessAssetsWithTransientArtifactChanges: 0.141ms
	CategorizeAssets: 13.991ms
	CompileScripts: 2.849ms
	ImportOutOfDateAssets: 1868.862ms (1867.999ms without children)
		UnloadImportedAssets: 0.193ms
		EnsureUptoDateAssetsAreRegisteredWithGuidPM: 0.299ms
		ImportSchedulerStart: 0.363ms
	PostProcessAllAssets: 28.380ms
		MonoPostProcessAllAssets: 28.375ms
			InputActionJsonNameModifierAssetProcessor.OnPostprocessAllAssets 27.507ms
			AssetPostprocessor.OnPostprocessAllAssets 27.173ms
			TextAssetPostProcessor.OnPostprocessAllAssets 16.540ms
			AssetChangedListener.OnPostprocessAllAssets 12.560ms
			SyncVS.PostprocessSyncProject 10.599ms
			BuilderAssetPostprocessor.OnPostprocessAllAssets 9.125ms
			WindowAssetPostprocessingWatcher.OnPostprocessAllAssets 5.836ms
			RetainedModeAssetPostprocessor.OnPostprocessAllAssets 2.068ms
			SpeedTree9Postprocessor.OnPostprocessAllAssets 0.949ms
			ProjectSettingsPostprocessor.OnPostprocessAllAssets 0.823ms
			ArtifactBrowserPostProcessor.OnPostprocessAllAssets 0.584ms
			SpeedTreePostProcessor.OnPostprocessAllAssets 0.467ms
			AudioMixerPostprocessor.OnPostprocessAllAssets 0.449ms
			StyleCatalogPostProcessor.OnPostprocessAllAssets 0.414ms
			ThemePostprocessor.OnPostprocessAllAssets 0.400ms
			UVCSAssetPostprocessor.OnPostprocessAllAssets 0.400ms
			TMPro_TexturePostProcessor.OnPostprocessAllAssets 0.332ms
			SamplePostprocessor.OnPostprocessAllAssets 0.313ms
			InputActionAssetPostprocessor.OnPostprocessAllAssets 0.302ms
			ReferencedClipsPostProcessor.OnPostprocessAllAssets 0.286ms
			EditModeScopePostprocessor.OnPostprocessAllAssets 0.269ms
			AssetEvents.OnPostprocessAllAssets 0.260ms
			TerrainToolbarOverlayPostProcessor.OnPostprocessAllAssets 0.213ms
			AssetDatabaseCallbacks.OnPostprocessAllAssets 0.171ms
			ConfigAssetsTracker.OnPostprocessAllAssets 0.148ms
			ScenarioDriftAssetsTracker.OnPostprocessAllAssets 0.143ms
			AssetReloadNotifier.OnPostprocessAllAssets 0.129ms
			AudioContainerPostProcessor.OnPostprocessAllAssets 0.114ms
			RenderPipelineGlobalSettingsPostprocessor.OnPostprocessAllAssets 0.083ms
	GatherAllCurrentPrimaryImportResultRevisions: 0.099ms
	PersistCurrentRevisions: 0.063ms
	GenerateScriptTypeHashes: 0.740ms
	GenerateScriptTypeSerializationHashes: 1.555ms
	Untracked: 937.450ms

Loaded scene 'Temp/__Backupscenes/0.backup'
	Deserialize:            0.883 ms
	Integration:            421.860 ms
	Integration of assets:  0.002 ms
	Thread Wait Time:       0.012 ms
	Total Operation Time:   422.758 ms
[Licensing::Client] Successfully resolved entitlement details
[Licensing::Client] Successfully resolved entitlement details
Unloading 0 Unused Serialized files (Serialized files now loaded: 0)
Loaded scene 'Temp/__Backupscenes/0.backup'
	Deserialize:            0.997 ms
	Integration:            39.405 ms
	Integration of assets:  0.001 ms
	Thread Wait Time:       0.015 ms
	Total Operation Time:   40.418 ms
Unloading 16 unused Assets / (29.1 MB). Loaded Objects now: 6218.
Memory consumption went from 0.54 GB to 0.51 GB.
Total: 32.140500 ms (FindLiveObjects: 1.070500 ms CreateObjectMapping: 0.255500 ms MarkObjects: 29.322000 ms  DeleteObjects: 1.160400 ms)

[Licensing::Client] Successfully resolved entitlement details
Reloading assemblies for play mode.
Reloading assemblies after forced synchronous recompile.
Begin MonoManager ReloadAssembly
Native extension for WindowsStandalone target not found
ScheduleIndexationOnStartup MainProcess:True IndexOnStartup:True
[MODES] ModeService[none].Initialize
[MODES] ModeService[none].LoadModes
Scripting: successfully reloaded assembly
- Finished resetting the current domain, in  2.025 seconds
Domain Reload Profiling: 2877ms
	BeginReloadAssembly (537ms)
		DisableScriptedObjects (117ms)
		CreateAndSetChildDomain (243ms)
	RebuildCommonClasses (12ms)
	RebuildNativeTypeToScriptingClass (20ms)
	initialDomainReloadingComplete (64ms)
	LoadAllAssembliesAndSetupDomain (216ms)
		LoadAssemblies (136ms)
		TypeCache.Refresh (9ms)
		AnalyzeDomain (7ms)
			ResolveRequiredComponents (4ms)
	FinalizeReload (2026ms)
		SetupLoadedEditorAssemblies (0ms)
			BeforeProcessingInitializeOnLoad (131ms)
			ProcessInitializeOnLoadAttributes (404ms)
			ProcessInitializeOnLoadMethodAttributes (68ms)
			AfterProcessingInitializeOnLoad (5ms)
		AwakeInstancesAfterBackupRestoration (876ms)

Asset Pipeline Refresh (id=eca4fd2ac1e929342a8b8da0f89652bf): Total: 3.029 seconds - Initiated by StopAssetImportingV2(ForceSynchronousImport | ForceDomainReload)
	(Values over 0.05ms)
	Summary:
		Imports: total=0 (actual=0, local cache=0, cache server=0)
		Asset DB Process Time: managed=0 ms, native=2103 ms
		Asset DB Callback time: managed=28 ms, native=0 ms
		Scripting: domain reloads=1, domain reload time=893 ms, compile time=3 ms, other=0 ms
		Project Asset Count: scripts=834, non-scripts=929
		Asset File Changes: new=0, changed=0, moved=0, deleted=0
		Scan Filter Count: 0
	InvokePackagesCallback: 1.646ms
	ApplyChangesToAssetFolders: 0.286ms
	Collect global state as custom dependencies: 0.756ms
	ProcessAssetsWithTransientArtifactChanges: 0.173ms
	CategorizeAssets: 13.318ms
	CompileScripts: 2.793ms
	ImportOutOfDateAssets: 2032.659ms (2031.875ms without children)
		UnloadImportedAssets: 0.180ms
		EnsureUptoDateAssetsAreRegisteredWithGuidPM: 0.263ms
		ImportSchedulerStart: 0.331ms
	PostProcessAllAssets: 28.996ms
		MonoPostProcessAllAssets: 28.991ms
			InputActionJsonNameModifierAssetProcessor.OnPostprocessAllAssets 27.507ms
			AssetPostprocessor.OnPostprocessAllAssets 27.173ms
			TextAssetPostProcessor.OnPostprocessAllAssets 16.540ms
			AssetChangedListener.OnPostprocessAllAssets 12.560ms
			SyncVS.PostprocessSyncProject 10.910ms
			BuilderAssetPostprocessor.OnPostprocessAllAssets 9.125ms
			WindowAssetPostprocessingWatcher.OnPostprocessAllAssets 6.098ms
			RetainedModeAssetPostprocessor.OnPostprocessAllAssets 2.068ms
			SpeedTree9Postprocessor.OnPostprocessAllAssets 0.939ms
			ProjectSettingsPostprocessor.OnPostprocessAllAssets 0.887ms
			ArtifactBrowserPostProcessor.OnPostprocessAllAssets 0.584ms
			SpeedTreePostProcessor.OnPostprocessAllAssets 0.467ms
			AudioMixerPostprocessor.OnPostprocessAllAssets 0.449ms
			StyleCatalogPostProcessor.OnPostprocessAllAssets 0.414ms
			ThemePostprocessor.OnPostprocessAllAssets 0.400ms
			UVCSAssetPostprocessor.OnPostprocessAllAssets 0.400ms
			InputActionAssetPostprocessor.OnPostprocessAllAssets 0.356ms
			TMPro_TexturePostProcessor.OnPostprocessAllAssets 0.332ms
			SamplePostprocessor.OnPostprocessAllAssets 0.313ms
			ReferencedClipsPostProcessor.OnPostprocessAllAssets 0.296ms
			EditModeScopePostprocessor.OnPostprocessAllAssets 0.263ms
			AssetEvents.OnPostprocessAllAssets 0.260ms
			AssetDatabaseCallbacks.OnPostprocessAllAssets 0.214ms
			TerrainToolbarOverlayPostProcessor.OnPostprocessAllAssets 0.180ms
			ConfigAssetsTracker.OnPostprocessAllAssets 0.148ms
			ScenarioDriftAssetsTracker.OnPostprocessAllAssets 0.143ms
			AssetReloadNotifier.OnPostprocessAllAssets 0.129ms
			AudioContainerPostProcessor.OnPostprocessAllAssets 0.114ms
			RenderPipelineGlobalSettingsPostprocessor.OnPostprocessAllAssets 0.088ms
	GatherAllCurrentPrimaryImportResultRevisions: 0.147ms
	UnloadStreamsBegin: 0.055ms
	PersistCurrentRevisions: 0.062ms
	GenerateScriptTypeHashes: 0.812ms
	GenerateScriptTypeSerializationHashes: 1.759ms
	Untracked: 919.423ms

Loaded scene 'Temp/__Backupscenes/0.backup'
	Deserialize:            1.071 ms
	Integration:            412.666 ms
	Integration of assets:  0.002 ms
	Thread Wait Time:       0.013 ms
	Total Operation Time:   413.753 ms
[Licensing::Client] Successfully resolved entitlement details
[Licensing::Client] Successfully resolved entitlement details
Unloading 0 Unused Serialized files (Serialized files now loaded: 0)
Loaded scene 'Temp/__Backupscenes/0.backup'
	Deserialize:            0.775 ms
	Integration:            21.408 ms
	Integration of assets:  0.002 ms
	Thread Wait Time:       0.090 ms
	Total Operation Time:   22.274 ms
Unloading 16 unused Assets / (29.1 MB). Loaded Objects now: 6210.
Memory consumption went from 0.54 GB to 0.51 GB.
Total: 29.405300 ms (FindLiveObjects: 0.971500 ms CreateObjectMapping: 0.200100 ms MarkObjects: 26.751800 ms  DeleteObjects: 1.152500 ms)

[Licensing::Client] Successfully resolved entitlement details
Asset Pipeline Refresh (id=663f7d23d2e11d549a319fe7610ee9db): Total: 0.013 seconds - Initiated by RefreshV2(AllowForceSynchronousImport)
Reloading assemblies for play mode.
Reloading assemblies after forced synchronous recompile.
Begin MonoManager ReloadAssembly
Native extension for WindowsStandalone target not found
ScheduleIndexationOnStartup MainProcess:True IndexOnStartup:True
[MODES] ModeService[none].Initialize
[MODES] ModeService[none].LoadModes
Scripting: successfully reloaded assembly
- Finished resetting the current domain, in  1.964 seconds
Domain Reload Profiling: 2789ms
	BeginReloadAssembly (518ms)
		DisableScriptedObjects (119ms)
		CreateAndSetChildDomain (217ms)
	RebuildCommonClasses (10ms)
	RebuildNativeTypeToScriptingClass (17ms)
	initialDomainReloadingComplete (60ms)
	LoadAllAssembliesAndSetupDomain (219ms)
		LoadAssemblies (136ms)
		TypeCache.Refresh (9ms)
		AnalyzeDomain (7ms)
			ResolveRequiredComponents (4ms)
	FinalizeReload (1965ms)
		SetupLoadedEditorAssemblies (0ms)
			BeforeProcessingInitializeOnLoad (123ms)
			ProcessInitializeOnLoadAttributes (412ms)
			ProcessInitializeOnLoadMethodAttributes (69ms)
			AfterProcessingInitializeOnLoad (5ms)
		AwakeInstancesAfterBackupRestoration (828ms)

Asset Pipeline Refresh (id=1ac89105ba0352041b1c42e8a28304d4): Total: 2.928 seconds - Initiated by StopAssetImportingV2(ForceSynchronousImport | ForceDomainReload)
	(Values over 0.05ms)
	Summary:
		Imports: total=0 (actual=0, local cache=0, cache server=0)
		Asset DB Process Time: managed=0 ms, native=2033 ms
		Asset DB Callback time: managed=26 ms, native=0 ms
		Scripting: domain reloads=1, domain reload time=864 ms, compile time=3 ms, other=0 ms
		Project Asset Count: scripts=834, non-scripts=929
		Asset File Changes: new=0, changed=0, moved=0, deleted=0
		Scan Filter Count: 0
	InvokePackagesCallback: 1.389ms
	ApplyChangesToAssetFolders: 0.247ms
	Collect global state as custom dependencies: 0.731ms
	ProcessAssetsWithTransientArtifactChanges: 0.124ms
	CategorizeAssets: 11.804ms
	CompileScripts: 2.517ms
	ImportOutOfDateAssets: 1971.405ms (1970.563ms without children)
		UnloadImportedAssets: 0.191ms
		EnsureUptoDateAssetsAreRegisteredWithGuidPM: 0.269ms
		ImportSchedulerStart: 0.372ms
	PostProcessAllAssets: 26.753ms
		MonoPostProcessAllAssets: 26.749ms
			InputActionJsonNameModifierAssetProcessor.OnPostprocessAllAssets 27.507ms
			AssetPostprocessor.OnPostprocessAllAssets 27.173ms
			TextAssetPostProcessor.OnPostprocessAllAssets 16.540ms
			AssetChangedListener.OnPostprocessAllAssets 12.560ms
			SyncVS.PostprocessSyncProject 10.725ms
			BuilderAssetPostprocessor.OnPostprocessAllAssets 9.125ms
			WindowAssetPostprocessingWatcher.OnPostprocessAllAssets 5.246ms
			RetainedModeAssetPostprocessor.OnPostprocessAllAssets 2.068ms
			SpeedTree9Postprocessor.OnPostprocessAllAssets 0.751ms
			ProjectSettingsPostprocessor.OnPostprocessAllAssets 0.744ms
			ArtifactBrowserPostProcessor.OnPostprocessAllAssets 0.584ms
			SpeedTreePostProcessor.OnPostprocessAllAssets 0.467ms
			AudioMixerPostprocessor.OnPostprocessAllAssets 0.449ms
			StyleCatalogPostProcessor.OnPostprocessAllAssets 0.414ms
			ThemePostprocessor.OnPostprocessAllAssets 0.400ms
			UVCSAssetPostprocessor.OnPostprocessAllAssets 0.400ms
			TMPro_TexturePostProcessor.OnPostprocessAllAssets 0.332ms
			SamplePostprocessor.OnPostprocessAllAssets 0.313ms
			InputActionAssetPostprocessor.OnPostprocessAllAssets 0.285ms
			ReferencedClipsPostProcessor.OnPostprocessAllAssets 0.263ms
			AssetEvents.OnPostprocessAllAssets 0.260ms
			EditModeScopePostprocessor.OnPostprocessAllAssets 0.252ms
			ConfigAssetsTracker.OnPostprocessAllAssets 0.148ms
			AssetDatabaseCallbacks.OnPostprocessAllAssets 0.145ms
			ScenarioDriftAssetsTracker.OnPostprocessAllAssets 0.143ms
			TerrainToolbarOverlayPostProcessor.OnPostprocessAllAssets 0.142ms
			AssetReloadNotifier.OnPostprocessAllAssets 0.129ms
			AudioContainerPostProcessor.OnPostprocessAllAssets 0.114ms
			RenderPipelineGlobalSettingsPostprocessor.OnPostprocessAllAssets 0.081ms
	GatherAllCurrentPrimaryImportResultRevisions: 0.083ms
	PersistCurrentRevisions: 0.057ms
	GenerateScriptTypeHashes: 0.610ms
	GenerateScriptTypeSerializationHashes: 1.300ms
	Untracked: 889.951ms

Loaded scene 'Temp/__Backupscenes/0.backup'
	Deserialize:            1.036 ms
	Integration:            417.784 ms
	Integration of assets:  0.003 ms
	Thread Wait Time:       0.091 ms
	Total Operation Time:   418.914 ms
[Licensing::Client] Successfully resolved entitlement details
[Licensing::Client] Successfully resolved entitlement details
Unloading 0 Unused Serialized files (Serialized files now loaded: 0)
Loaded scene 'Temp/__Backupscenes/0.backup'
	Deserialize:            0.863 ms
	Integration:            23.955 ms
	Integration of assets:  0.001 ms
	Thread Wait Time:       0.034 ms
	Total Operation Time:   24.853 ms
Unloading 12 unused Assets / (0.5 MB). Loaded Objects now: 6213.
Memory consumption went from 0.51 GB to 0.51 GB.
Total: 23.800000 ms (FindLiveObjects: 0.974700 ms CreateObjectMapping: 0.224600 ms MarkObjects: 22.317600 ms  DeleteObjects: 0.036600 ms)

Reloading assemblies for play mode.
Reloading assemblies after forced synchronous recompile.
Begin MonoManager ReloadAssembly
Native extension for WindowsStandalone target not found
ScheduleIndexationOnStartup MainProcess:True IndexOnStartup:True
[MODES] ModeService[none].Initialize
[MODES] ModeService[none].LoadModes
Scripting: successfully reloaded assembly
- Finished resetting the current domain, in  1.886 seconds
Domain Reload Profiling: 2785ms
	BeginReloadAssembly (559ms)
		DisableScriptedObjects (123ms)
		CreateAndSetChildDomain (252ms)
	RebuildCommonClasses (15ms)
	RebuildNativeTypeToScriptingClass (31ms)
	initialDomainReloadingComplete (68ms)
	LoadAllAssembliesAndSetupDomain (225ms)
		LoadAssemblies (142ms)
		TypeCache.Refresh (9ms)
		AnalyzeDomain (7ms)
			ResolveRequiredComponents (4ms)
	FinalizeReload (1887ms)
		SetupLoadedEditorAssemblies (0ms)
			BeforeProcessingInitializeOnLoad (118ms)
			ProcessInitializeOnLoadAttributes (395ms)
			ProcessInitializeOnLoadMethodAttributes (65ms)
			AfterProcessingInitializeOnLoad (5ms)
		AwakeInstancesAfterBackupRestoration (792ms)

Asset Pipeline Refresh (id=13317eb7caa053d44817c904315dd666): Total: 2.929 seconds - Initiated by StopAssetImportingV2(ForceSynchronousImport | ForceDomainReload)
	(Values over 0.05ms)
	Summary:
		Imports: total=0 (actual=0, local cache=0, cache server=0)
		Asset DB Process Time: managed=0 ms, native=1961 ms
		Asset DB Callback time: managed=27 ms, native=0 ms
		Scripting: domain reloads=1, domain reload time=938 ms, compile time=2 ms, other=0 ms
		Project Asset Count: scripts=834, non-scripts=929
		Asset File Changes: new=0, changed=0, moved=0, deleted=0
		Scan Filter Count: 0
	InvokePackagesCallback: 1.323ms
	ApplyChangesToAssetFolders: 0.285ms
	Collect global state as custom dependencies: 0.734ms
	ProcessAssetsWithTransientArtifactChanges: 0.118ms
	CategorizeAssets: 12.318ms
	CompileScripts: 2.317ms
	ImportOutOfDateAssets: 1892.927ms (1892.108ms without children)
		UnloadImportedAssets: 0.231ms
		EnsureUptoDateAssetsAreRegisteredWithGuidPM: 0.258ms
		ImportSchedulerStart: 0.319ms
	PostProcessAllAssets: 27.029ms
		MonoPostProcessAllAssets: 27.023ms
			InputActionJsonNameModifierAssetProcessor.OnPostprocessAllAssets 27.507ms
			AssetPostprocessor.OnPostprocessAllAssets 27.173ms
			TextAssetPostProcessor.OnPostprocessAllAssets 16.540ms
			AssetChangedListener.OnPostprocessAllAssets 12.560ms
			SyncVS.PostprocessSyncProject 10.168ms
			BuilderAssetPostprocessor.OnPostprocessAllAssets 9.125ms
			WindowAssetPostprocessingWatcher.OnPostprocessAllAssets 5.540ms
			RetainedModeAssetPostprocessor.OnPostprocessAllAssets 2.068ms
			SpeedTree9Postprocessor.OnPostprocessAllAssets 0.788ms
			ProjectSettingsPostprocessor.OnPostprocessAllAssets 0.777ms
			ArtifactBrowserPostProcessor.OnPostprocessAllAssets 0.584ms
			SpeedTreePostProcessor.OnPostprocessAllAssets 0.467ms
			AudioMixerPostprocessor.OnPostprocessAllAssets 0.449ms
			StyleCatalogPostProcessor.OnPostprocessAllAssets 0.414ms
			ThemePostprocessor.OnPostprocessAllAssets 0.400ms
			UVCSAssetPostprocessor.OnPostprocessAllAssets 0.400ms
			TMPro_TexturePostProcessor.OnPostprocessAllAssets 0.332ms
			SamplePostprocessor.OnPostprocessAllAssets 0.313ms
			InputActionAssetPostprocessor.OnPostprocessAllAssets 0.295ms
			EditModeScopePostprocessor.OnPostprocessAllAssets 0.289ms
			ReferencedClipsPostProcessor.OnPostprocessAllAssets 0.267ms
			AssetEvents.OnPostprocessAllAssets 0.260ms
			TerrainToolbarOverlayPostProcessor.OnPostprocessAllAssets 0.160ms
			ConfigAssetsTracker.OnPostprocessAllAssets 0.148ms
			AssetDatabaseCallbacks.OnPostprocessAllAssets 0.144ms
			ScenarioDriftAssetsTracker.OnPostprocessAllAssets 0.143ms
			AssetReloadNotifier.OnPostprocessAllAssets 0.129ms
			AudioContainerPostProcessor.OnPostprocessAllAssets 0.114ms
			RenderPipelineGlobalSettingsPostprocessor.OnPostprocessAllAssets 0.075ms
	GatherAllCurrentPrimaryImportResultRevisions: 0.219ms
	UnloadStreamsBegin: 0.051ms
	PersistCurrentRevisions: 0.058ms
	GenerateScriptTypeHashes: 0.619ms
	GenerateScriptTypeSerializationHashes: 1.319ms
	Untracked: 963.142ms

Loaded scene 'Temp/__Backupscenes/0.backup'
	Deserialize:            0.975 ms
	Integration:            440.634 ms
	Integration of assets:  0.002 ms
	Thread Wait Time:       0.108 ms
	Total Operation Time:   441.720 ms
[Licensing::Client] Successfully resolved entitlement details
[Licensing::Client] Successfully resolved entitlement details
Unloading 0 Unused Serialized files (Serialized files now loaded: 0)
Loaded scene 'Temp/__Backupscenes/0.backup'
	Deserialize:            0.801 ms
	Integration:            23.271 ms
	Integration of assets:  0.003 ms
	Thread Wait Time:       0.031 ms
	Total Operation Time:   24.105 ms
Unloading 16 unused Assets / (29.6 MB). Loaded Objects now: 6241.
Memory consumption went from 0.54 GB to 0.52 GB.
Total: 27.207700 ms (FindLiveObjects: 1.054100 ms CreateObjectMapping: 0.207400 ms MarkObjects: 24.389900 ms  DeleteObjects: 1.205400 ms)

Reloading assemblies for play mode.
Reloading assemblies after forced synchronous recompile.
[Licensing::Client] Successfully resolved entitlement details
Begin MonoManager ReloadAssembly
Native extension for WindowsStandalone target not found
ScheduleIndexationOnStartup MainProcess:True IndexOnStartup:True
[MODES] ModeService[none].Initialize
[MODES] ModeService[none].LoadModes
Scripting: successfully reloaded assembly
- Finished resetting the current domain, in  1.930 seconds
Domain Reload Profiling: 2775ms
	BeginReloadAssembly (538ms)
		DisableScriptedObjects (119ms)
		CreateAndSetChildDomain (247ms)
	RebuildCommonClasses (10ms)
	RebuildNativeTypeToScriptingClass (18ms)
	initialDomainReloadingComplete (63ms)
	LoadAllAssembliesAndSetupDomain (214ms)
		LoadAssemblies (131ms)
		TypeCache.Refresh (9ms)
		AnalyzeDomain (7ms)
			ResolveRequiredComponents (4ms)
	FinalizeReload (1931ms)
		SetupLoadedEditorAssemblies (0ms)
			BeforeProcessingInitializeOnLoad (122ms)
			ProcessInitializeOnLoadAttributes (415ms)
			ProcessInitializeOnLoadMethodAttributes (67ms)
			AfterProcessingInitializeOnLoad (5ms)
		AwakeInstancesAfterBackupRestoration (794ms)

Asset Pipeline Refresh (id=1f9ee0f339d1b204ba7507769f16b025): Total: 2.919 seconds - Initiated by StopAssetImportingV2(ForceSynchronousImport | ForceDomainReload)
	(Values over 0.05ms)
	Summary:
		Imports: total=0 (actual=0, local cache=0, cache server=0)
		Asset DB Process Time: managed=0 ms, native=2002 ms
		Asset DB Callback time: managed=26 ms, native=0 ms
		Scripting: domain reloads=1, domain reload time=887 ms, compile time=2 ms, other=0 ms
		Project Asset Count: scripts=834, non-scripts=929
		Asset File Changes: new=0, changed=0, moved=0, deleted=0
		Scan Filter Count: 0
	InvokePackagesCallback: 1.352ms
	ApplyChangesToAssetFolders: 0.306ms
	Collect global state as custom dependencies: 0.732ms
	ProcessAssetsWithTransientArtifactChanges: 0.120ms
	CategorizeAssets: 11.910ms
	CompileScripts: 2.284ms
	ImportOutOfDateAssets: 1936.880ms (1936.020ms without children)
		UnloadImportedAssets: 0.196ms
		EnsureUptoDateAssetsAreRegisteredWithGuidPM: 0.276ms
		ImportSchedulerStart: 0.381ms
	PostProcessAllAssets: 26.474ms
		MonoPostProcessAllAssets: 26.469ms
			InputActionJsonNameModifierAssetProcessor.OnPostprocessAllAssets 27.507ms
			AssetPostprocessor.OnPostprocessAllAssets 27.173ms
			TextAssetPostProcessor.OnPostprocessAllAssets 16.540ms
			AssetChangedListener.OnPostprocessAllAssets 12.560ms
			SyncVS.PostprocessSyncProject 9.516ms
			BuilderAssetPostprocessor.OnPostprocessAllAssets 9.125ms
			WindowAssetPostprocessingWatcher.OnPostprocessAllAssets 5.372ms
			RetainedModeAssetPostprocessor.OnPostprocessAllAssets 2.068ms
			ProjectSettingsPostprocessor.OnPostprocessAllAssets 0.812ms
			SpeedTree9Postprocessor.OnPostprocessAllAssets 0.809ms
			ArtifactBrowserPostProcessor.OnPostprocessAllAssets 0.584ms
			SpeedTreePostProcessor.OnPostprocessAllAssets 0.467ms
			AudioMixerPostprocessor.OnPostprocessAllAssets 0.449ms
			StyleCatalogPostProcessor.OnPostprocessAllAssets 0.414ms
			ThemePostprocessor.OnPostprocessAllAssets 0.400ms
			UVCSAssetPostprocessor.OnPostprocessAllAssets 0.400ms
			TMPro_TexturePostProcessor.OnPostprocessAllAssets 0.332ms
			SamplePostprocessor.OnPostprocessAllAssets 0.313ms
			InputActionAssetPostprocessor.OnPostprocessAllAssets 0.288ms
			ReferencedClipsPostProcessor.OnPostprocessAllAssets 0.278ms
			AssetEvents.OnPostprocessAllAssets 0.260ms
			EditModeScopePostprocessor.OnPostprocessAllAssets 0.250ms
			AssetDatabaseCallbacks.OnPostprocessAllAssets 0.176ms
			TerrainToolbarOverlayPostProcessor.OnPostprocessAllAssets 0.163ms
			ConfigAssetsTracker.OnPostprocessAllAssets 0.148ms
			ScenarioDriftAssetsTracker.OnPostprocessAllAssets 0.143ms
			AssetReloadNotifier.OnPostprocessAllAssets 0.129ms
			AudioContainerPostProcessor.OnPostprocessAllAssets 0.114ms
			RenderPipelineGlobalSettingsPostprocessor.OnPostprocessAllAssets 0.079ms
	GatherAllCurrentPrimaryImportResultRevisions: 0.128ms
	UnloadStreamsBegin: 0.065ms
	PersistCurrentRevisions: 0.058ms
	GenerateScriptTypeHashes: 0.612ms
	GenerateScriptTypeSerializationHashes: 1.314ms
	Untracked: 912.881ms

Loaded scene 'Temp/__Backupscenes/0.backup'
	Deserialize:            0.785 ms
	Integration:            455.133 ms
	Integration of assets:  0.001 ms
	Thread Wait Time:       0.015 ms
	Total Operation Time:   455.934 ms
[Licensing::Client] Successfully resolved entitlement details
[Licensing::Client] Successfully resolved entitlement details
Asset Pipeline Refresh (id=ad7ebdb07fbac524ba6c2e84b2017eb7): Total: 0.014 seconds - Initiated by RefreshV2(NoUpdateAssetOptions)
Asset Pipeline Refresh (id=5d4fcca1039f5ee458571b34f15604eb): Total: 0.003 seconds - Initiated by RefreshV2(NoUpdateAssetOptions)
Unloading 0 Unused Serialized files (Serialized files now loaded: 0)
Loaded scene 'Temp/__Backupscenes/0.backup'
	Deserialize:            0.873 ms
	Integration:            26.815 ms
	Integration of assets:  0.006 ms
	Thread Wait Time:       0.037 ms
	Total Operation Time:   27.732 ms
Unloading 16 unused Assets / (29.5 MB). Loaded Objects now: 6237.
Memory consumption went from 0.55 GB to 0.52 GB.
Total: 28.674700 ms (FindLiveObjects: 0.974600 ms CreateObjectMapping: 0.223700 ms MarkObjects: 25.970700 ms  DeleteObjects: 1.179900 ms)

[Licensing::Client] Successfully resolved entitlement details
Asset Pipeline Refresh (id=1473b15d5356bb14c8817a7c0299caf1): Total: 0.011 seconds - Initiated by RefreshV2(AllowForceSynchronousImport)
Asset Pipeline Refresh (id=96aa950a228590a42a3f61e901ef1584): Total: 0.003 seconds - Initiated by RefreshV2(AllowForceSynchronousImport)
Reloading assemblies for play mode.
Reloading assemblies after forced synchronous recompile.
[Licensing::Client] Successfully resolved entitlement details
Begin MonoManager ReloadAssembly
Native extension for WindowsStandalone target not found
ScheduleIndexationOnStartup MainProcess:True IndexOnStartup:True
[MODES] ModeService[none].Initialize
[MODES] ModeService[none].LoadModes
Scripting: successfully reloaded assembly
- Finished resetting the current domain, in  1.871 seconds
Domain Reload Profiling: 2750ms
	BeginReloadAssembly (580ms)
		DisableScriptedObjects (126ms)
		CreateAndSetChildDomain (279ms)
	RebuildCommonClasses (12ms)
	RebuildNativeTypeToScriptingClass (20ms)
	initialDomainReloadingComplete (61ms)
	LoadAllAssembliesAndSetupDomain (206ms)
		LoadAssemblies (127ms)
		TypeCache.Refresh (8ms)
		AnalyzeDomain (7ms)
			ResolveRequiredComponents (4ms)
	FinalizeReload (1872ms)
		SetupLoadedEditorAssemblies (0ms)
			BeforeProcessingInitializeOnLoad (119ms)
			ProcessInitializeOnLoadAttributes (367ms)
			ProcessInitializeOnLoadMethodAttributes (64ms)
			AfterProcessingInitializeOnLoad (5ms)
		AwakeInstancesAfterBackupRestoration (772ms)

Asset Pipeline Refresh (id=9767f70c9a2f31b46b8420413ba5d0d0): Total: 2.896 seconds - Initiated by StopAssetImportingV2(ForceSynchronousImport | ForceDomainReload)
	(Values over 0.05ms)
	Summary:
		Imports: total=0 (actual=0, local cache=0, cache server=0)
		Asset DB Process Time: managed=0 ms, native=1939 ms
		Asset DB Callback time: managed=26 ms, native=0 ms
		Scripting: domain reloads=1, domain reload time=926 ms, compile time=3 ms, other=0 ms
		Project Asset Count: scripts=834, non-scripts=929
		Asset File Changes: new=0, changed=0, moved=0, deleted=0
		Scan Filter Count: 0
	InvokePackagesCallback: 1.432ms
	ApplyChangesToAssetFolders: 0.282ms
	Collect global state as custom dependencies: 0.721ms
	ProcessAssetsWithTransientArtifactChanges: 0.174ms
	CategorizeAssets: 13.581ms
	CompileScripts: 2.868ms
	ImportOutOfDateAssets: 1878.231ms (1877.449ms without children)
		UnloadImportedAssets: 0.173ms
		EnsureUptoDateAssetsAreRegisteredWithGuidPM: 0.264ms
		ImportSchedulerStart: 0.337ms
	PostProcessAllAssets: 26.511ms
		MonoPostProcessAllAssets: 26.506ms
			InputActionJsonNameModifierAssetProcessor.OnPostprocessAllAssets 27.507ms
			AssetPostprocessor.OnPostprocessAllAssets 27.173ms
			TextAssetPostProcessor.OnPostprocessAllAssets 16.540ms
			AssetChangedListener.OnPostprocessAllAssets 12.560ms
			SyncVS.PostprocessSyncProject 9.661ms
			BuilderAssetPostprocessor.OnPostprocessAllAssets 9.125ms
			WindowAssetPostprocessingWatcher.OnPostprocessAllAssets 5.535ms
			RetainedModeAssetPostprocessor.OnPostprocessAllAssets 2.068ms
			SpeedTree9Postprocessor.OnPostprocessAllAssets 0.755ms
			ProjectSettingsPostprocessor.OnPostprocessAllAssets 0.748ms
			ArtifactBrowserPostProcessor.OnPostprocessAllAssets 0.584ms
			SpeedTreePostProcessor.OnPostprocessAllAssets 0.467ms
			AudioMixerPostprocessor.OnPostprocessAllAssets 0.449ms
			StyleCatalogPostProcessor.OnPostprocessAllAssets 0.414ms
			ThemePostprocessor.OnPostprocessAllAssets 0.400ms
			UVCSAssetPostprocessor.OnPostprocessAllAssets 0.400ms
			TMPro_TexturePostProcessor.OnPostprocessAllAssets 0.332ms
			SamplePostprocessor.OnPostprocessAllAssets 0.313ms
			InputActionAssetPostprocessor.OnPostprocessAllAssets 0.291ms
			ReferencedClipsPostProcessor.OnPostprocessAllAssets 0.267ms
			EditModeScopePostprocessor.OnPostprocessAllAssets 0.261ms
			AssetEvents.OnPostprocessAllAssets 0.260ms
			AssetDatabaseCallbacks.OnPostprocessAllAssets 0.151ms
			ConfigAssetsTracker.OnPostprocessAllAssets 0.148ms
			ScenarioDriftAssetsTracker.OnPostprocessAllAssets 0.143ms
			TerrainToolbarOverlayPostProcessor.OnPostprocessAllAssets 0.142ms
			AssetReloadNotifier.OnPostprocessAllAssets 0.129ms
			AudioContainerPostProcessor.OnPostprocessAllAssets 0.114ms
			RenderPipelineGlobalSettingsPostprocessor.OnPostprocessAllAssets 0.076ms
	GatherAllCurrentPrimaryImportResultRevisions: 0.084ms
	PersistCurrentRevisions: 0.060ms
	GenerateScriptTypeHashes: 0.805ms
	GenerateScriptTypeSerializationHashes: 1.728ms
	Untracked: 950.737ms

Loaded scene 'Temp/__Backupscenes/0.backup'
	Deserialize:            0.938 ms
	Integration:            459.548 ms
	Integration of assets:  0.002 ms
	Thread Wait Time:       0.043 ms
	Total Operation Time:   460.531 ms
[Licensing::Client] Successfully resolved entitlement details
[Licensing::Client] Successfully resolved entitlement details
Asset Pipeline Refresh (id=4be9b86ab973df74b9198a4d5e1b9e72): Total: 0.016 seconds - Initiated by RefreshV2(NoUpdateAssetOptions)
Unloading 0 Unused Serialized files (Serialized files now loaded: 0)
Loaded scene 'Temp/__Backupscenes/0.backup'
	Deserialize:            0.972 ms
	Integration:            23.622 ms
	Integration of assets:  0.003 ms
	Thread Wait Time:       0.064 ms
	Total Operation Time:   24.661 ms
Unloading 16 unused Assets / (29.6 MB). Loaded Objects now: 6218.
Memory consumption went from 0.55 GB to 0.52 GB.
Total: 28.845100 ms (FindLiveObjects: 0.987800 ms CreateObjectMapping: 0.225500 ms MarkObjects: 25.953300 ms  DeleteObjects: 1.334400 ms)

[Licensing::Client] Successfully resolved entitlement details
Asset Pipeline Refresh (id=2826eede3d49f2f44be0ff8652cc58bc): Total: 0.007 seconds - Initiated by RefreshV2(AllowForceSynchronousImport)
Asset Pipeline Refresh (id=480e8d40de2ebf6488529a258bfcc4a9): Total: 0.003 seconds - Initiated by RefreshV2(AllowForceSynchronousImport)
Reloading assemblies for play mode.
Reloading assemblies after forced synchronous recompile.
[Licensing::Client] Successfully resolved entitlement details
Begin MonoManager ReloadAssembly
Refreshing native plugins compatible for Editor in 2.47 ms, found 4 plugins.
Native extension for WindowsStandalone target not found
ScheduleIndexationOnStartup MainProcess:True IndexOnStartup:True
[MODES] ModeService[none].Initialize
[MODES] ModeService[none].LoadModes
Scripting: successfully reloaded assembly
- Finished resetting the current domain, in  1.783 seconds
Domain Reload Profiling: 2578ms
	BeginReloadAssembly (518ms)
		DisableScriptedObjects (115ms)
		CreateAndSetChildDomain (241ms)
	RebuildCommonClasses (10ms)
	RebuildNativeTypeToScriptingClass (17ms)
	initialDomainReloadingComplete (57ms)
	LoadAllAssembliesAndSetupDomain (192ms)
		LoadAssemblies (127ms)
		TypeCache.Refresh (8ms)
		AnalyzeDomain (6ms)
			ResolveRequiredComponents (4ms)
	FinalizeReload (1784ms)
		SetupLoadedEditorAssemblies (0ms)
			BeforeProcessingInitializeOnLoad (125ms)
			ProcessInitializeOnLoadAttributes (356ms)
			ProcessInitializeOnLoadMethodAttributes (63ms)
			AfterProcessingInitializeOnLoad (5ms)
		AwakeInstancesAfterBackupRestoration (740ms)

Asset Pipeline Refresh (id=af975f2c9e7091342809aaf483921cc6): Total: 2.715 seconds - Initiated by StopAssetImportingV2(ForceSynchronousImport | ForceDomainReload)
	(Values over 0.05ms)
	Summary:
		Imports: total=0 (actual=0, local cache=0, cache server=0)
		Asset DB Process Time: managed=0 ms, native=1846 ms
		Asset DB Callback time: managed=25 ms, native=0 ms
		Scripting: domain reloads=1, domain reload time=840 ms, compile time=2 ms, other=0 ms
		Project Asset Count: scripts=834, non-scripts=929
		Asset File Changes: new=0, changed=0, moved=0, deleted=0
		Scan Filter Count: 0
	InvokePackagesCallback: 1.286ms
	ApplyChangesToAssetFolders: 0.256ms
	Collect global state as custom dependencies: 0.690ms
	ProcessAssetsWithTransientArtifactChanges: 0.151ms
	CategorizeAssets: 11.418ms
	CompileScripts: 2.238ms
	ImportOutOfDateAssets: 1790.869ms (1790.030ms without children)
		UnloadImportedAssets: 0.189ms
		EnsureUptoDateAssetsAreRegisteredWithGuidPM: 0.254ms
		ImportSchedulerStart: 0.386ms
	PostProcessAllAssets: 25.017ms
		MonoPostProcessAllAssets: 25.013ms
			InputActionJsonNameModifierAssetProcessor.OnPostprocessAllAssets 27.507ms
			AssetPostprocessor.OnPostprocessAllAssets 27.173ms
			TextAssetPostProcessor.OnPostprocessAllAssets 16.540ms
			AssetChangedListener.OnPostprocessAllAssets 12.560ms
			SyncVS.PostprocessSyncProject 9.153ms
			BuilderAssetPostprocessor.OnPostprocessAllAssets 9.125ms
			WindowAssetPostprocessingWatcher.OnPostprocessAllAssets 5.087ms
			RetainedModeAssetPostprocessor.OnPostprocessAllAssets 2.068ms
			SpeedTree9Postprocessor.OnPostprocessAllAssets 0.722ms
			ProjectSettingsPostprocessor.OnPostprocessAllAssets 0.691ms
			ArtifactBrowserPostProcessor.OnPostprocessAllAssets 0.584ms
			SpeedTreePostProcessor.OnPostprocessAllAssets 0.467ms
			AudioMixerPostprocessor.OnPostprocessAllAssets 0.449ms
			StyleCatalogPostProcessor.OnPostprocessAllAssets 0.414ms
			ThemePostprocessor.OnPostprocessAllAssets 0.400ms
			UVCSAssetPostprocessor.OnPostprocessAllAssets 0.400ms
			TMPro_TexturePostProcessor.OnPostprocessAllAssets 0.332ms
			SamplePostprocessor.OnPostprocessAllAssets 0.313ms
			InputActionAssetPostprocessor.OnPostprocessAllAssets 0.260ms
			AssetEvents.OnPostprocessAllAssets 0.260ms
			EditModeScopePostprocessor.OnPostprocessAllAssets 0.248ms
			ReferencedClipsPostProcessor.OnPostprocessAllAssets 0.242ms
			ConfigAssetsTracker.OnPostprocessAllAssets 0.148ms
			ScenarioDriftAssetsTracker.OnPostprocessAllAssets 0.143ms
			AssetDatabaseCallbacks.OnPostprocessAllAssets 0.137ms
			TerrainToolbarOverlayPostProcessor.OnPostprocessAllAssets 0.131ms
			AssetReloadNotifier.OnPostprocessAllAssets 0.129ms
			AudioContainerPostProcessor.OnPostprocessAllAssets 0.114ms
			RenderPipelineGlobalSettingsPostprocessor.OnPostprocessAllAssets 0.075ms
	GatherAllCurrentPrimaryImportResultRevisions: 0.085ms
	PersistCurrentRevisions: 0.055ms
	GenerateScriptTypeHashes: 0.600ms
	GenerateScriptTypeSerializationHashes: 1.287ms
	Untracked: 864.311ms

Loaded scene 'Temp/__Backupscenes/0.backup'
	Deserialize:            0.929 ms
	Integration:            438.967 ms
	Integration of assets:  0.002 ms
	Thread Wait Time:       0.092 ms
	Total Operation Time:   439.991 ms
[Licensing::Client] Successfully resolved entitlement details
[Licensing::Client] Successfully resolved entitlement details
Asset Pipeline Refresh (id=063a63cf5bf16d846897653f2531ae09): Total: 0.015 seconds - Initiated by RefreshV2(NoUpdateAssetOptions)
Asset Pipeline Refresh (id=8652027d7b99cc64fb67bc5d6a994436): Total: 0.003 seconds - Initiated by RefreshV2(NoUpdateAssetOptions)
Asset Pipeline Refresh (id=2f58f013d9ce379438f8c563fe9bc9b3): Total: 0.003 seconds - Initiated by RefreshV2(NoUpdateAssetOptions)
Asset Pipeline Refresh (id=226313ed9fb39c946b24c2ac77c0f488): Total: 0.003 seconds - Initiated by RefreshV2(NoUpdateAssetOptions)
Scanning for USB devices : 1.321ms
Asset Pipeline Refresh (id=2c0dbd6c41d0b384797436bf91891d2a): Total: 0.004 seconds - Initiated by RefreshV2(NoUpdateAssetOptions)
Asset Pipeline Refresh (id=4299ba46d9f63cb4d849bb26555b5850): Total: 0.003 seconds - Initiated by RefreshV2(NoUpdateAssetOptions)
Asset Pipeline Refresh (id=3b723d6fcf54684479fe1542ab6269d2): Total: 0.004 seconds - Initiated by RefreshV2(NoUpdateAssetOptions)
GetVirtualKey: Could not map char: z (122) to any virtual key
GetVirtualKey: Could not map char: y (121) to any virtual key
GetVirtualKey: Could not map char: [ (91) to any virtual key
GetVirtualKey: Could not map char: ] (93) to any virtual key
GetVirtualKey: Could not map char: x (120) to any virtual key
GetVirtualKey: Could not map char: c (99) to any virtual key
GetVirtualKey: Could not map char: v (118) to any virtual key
GetVirtualKey: Could not map char: V (86) to any virtual key
GetVirtualKey: Could not map char: d (100) to any virtual key
GetVirtualKey: Could not map char: f (102) to any virtual key
GetVirtualKey: Could not map char: f (102) to any virtual key
GetVirtualKey: Could not map char: a (97) to any virtual key
GetVirtualKey: Could not map char: d (100) to any virtual key
GetVirtualKey: Could not map char: c (99) to any virtual key
GetVirtualKey: Could not map char: r (114) to any virtual key
GetVirtualKey: Could not map char: i (105) to any virtual key
GetVirtualKey: Could not map char: l (108) to any virtual key
GetVirtualKey: Could not map char: f (102) to any virtual key
GetVirtualKey: Could not map char: k (107) to any virtual key
GetVirtualKey: Could not map char: p (112) to any virtual key
GetVirtualKey: Could not map char: p (112) to any virtual key
GetVirtualKey: Could not map char: p (112) to any virtual key
GetVirtualKey: Could not map char: c (99) to any virtual key
GetVirtualKey: Could not map char: r (114) to any virtual key
GetVirtualKey: Could not map char: P (80) to any virtual key
GetVirtualKey: Could not map char: n (110) to any virtual key
GetVirtualKey: Could not map char: n (110) to any virtual key
GetVirtualKey: Could not map char: g (103) to any virtual key
GetVirtualKey: Could not map char: = (61) to any virtual key
GetVirtualKey: Could not map char: f (102) to any virtual key
GetVirtualKey: Could not map char: f (102) to any virtual key
GetVirtualKey: Could not map char: a (97) to any virtual key
GetVirtualKey: Could not map char: a (97) to any virtual key
GetVirtualKey: Could not map char: n (110) to any virtual key
GetVirtualKey: Could not map char: o (111) to any virtual key
GetVirtualKey: Could not map char: s (115) to any virtual key
GetVirtualKey: Could not map char: s (115) to any virtual key
GetVirtualKey: Could not map char: b (98) to any virtual key
GetVirtualKey: Could not map char: b (98) to any virtual key
GetVirtualKey: Could not map char: c (99) to any virtual key
GetVirtualKey: Could not map char: u (117) to any virtual key
Unloading 2 Unused Serialized files (Serialized files now loaded: 0)
Loaded scene 'Temp/__Backupscenes/0.backup'
	Deserialize:            0.817 ms
	Integration:            23.900 ms
	Integration of assets:  0.001 ms
	Thread Wait Time:       0.124 ms
	Total Operation Time:   24.843 ms
Unloading 16 unused Assets / (29.4 MB). Loaded Objects now: 6244.
Memory consumption went from 0.55 GB to 0.53 GB.
Total: 29.600800 ms (FindLiveObjects: 1.039000 ms CreateObjectMapping: 0.247100 ms MarkObjects: 26.742200 ms  DeleteObjects: 1.253800 ms)

[Licensing::Client] Successfully resolved entitlement details
Importing 'GUID: 9fc0d4010bbf28b4594072e72b8655ab - Path: Assets/Scenes/SampleScene.unity' with importer (DefaultImporter)
Imported 'GUID: 9fc0d4010bbf28b4594072e72b8655ab' -> (Import Result ID: '0e3572e5dc26ac9fb92c84cb77661c81') in 0.014 seconds [static dependencies only]. Details - ImportResultOutputID=969a116b839ffa7e07089be46c53aee9 DependenciesID=1ffe07697382aef5a5807f24d91d273e StaticDependenciesID=a9422da5a1275c58ab75546e6d71e35a 
Asset Pipeline Refresh (id=b8700f421c590ef4993b5d40d3da10f1): Total: 0.062 seconds - Initiated by StopAssetImportingV2(NoUpdateAssetOptions)
MonoPathRemapper: Attempts to remap: 31410; Successful remaps: 11116
Serialized file version minimum: 23, current 23
[LAYOUT] About to save layout C:\Users\ASUS TUF\My project (1)\UserSettings\Layouts\default-6000.dwlt
[LAYOUT] About to save layout C:/Users/ASUS TUF/AppData/Roaming/Unity/Editor-5.x/Preferences\Layouts\current\default-6000.dwlt
Input System module state changed to: ShutdownInProgress.
Input Polling Thread exited.
Input System module state changed to: Shutdown.
[Physics::Module] Cleanup current backend.
[Physics::Module] Id: 0xf2b8ea05
[Licensing::IpcConnector] LicenseClient-ASUS TUF-6000.6.0-notifications channel disconnected successfully.
[Licensing::IpcConnector] LicenseClient-ASUS TUF-6000.6.0 channel disconnected successfully.
Lingering sessions upon destruction of worker manager
Unity Data Store service was successfully shut down
UDS shutting down local client system
Shut down UDS service system complete
AcceleratorClientConnectionCallback - disconnected - :0
Cleanup mono
CodeReloadManager destroyed
abort_threads: Failed aborting id: 0000000000003AAC, mono_thread_manage will ignore it

abort_threads: Failed aborting id: 0000000000003188, mono_thread_manage will ignore it

abort_threads: Failed aborting id: 0000000000003AAC, mono_thread_manage will ignore it

abort_threads: Failed aborting id: 0000000000003188, mono_thread_manage will ignore it

debugger-agent: Unable to listen on 5020
Checking for leaked weakptr:
  Found no leaked weakptrs.
[Package Manager] Server process was shutdown
##utp:{"type":"MemoryLeaks","version":2,"phase":"Immediate","time":1788355533771,"processId":20792,"allocatedMemory":16934960,"memoryLabels":[{"Default":203139},{"Permanent":15516},{"NewDelete":73945},{"Thread":4209440},{"Manager":32968},{"VertexData":8},{"Geometry":816},{"Texture":24},{"Shader":854998},{"Material":2316},{"GfxDevice":83544},{"GfxThread":11520},{"Animation":952},{"FreeType":8},{"FontEngine":736},{"Physics":1970},{"Physics2D":16},{"Serialization":182488},{"Input":45280},{"JobScheduler":256},{"TextLib":85459},{"Mono":48},{"ScriptingNativeRuntime":1352032},{"BaseObject":49232},{"Resource":1208},{"Renderer":2376},{"Transform":4685},{"File":7389},{"WebCam":616},{"Culling":32},{"Terrain":11442},{"Wind":24},{"STL":40},{"String":659074},{"StaticString":3808},{"Utility":2674450},{"Curl":48},{"PoolAlloc":2168},{"AI":80},{"TypeTree":14869},{"ScriptManager":82160},{"CodeReload":448},{"RuntimeInitializeOnLoadManager":64},{"Sprites":102},{"SpriteAtlas":120},{"GI":7816},{"Director":8296},{"CloudService":7296},{"WebRequest":13215},{"VR":49650},{"SceneManager":608},{"Video":208},{"LazyScriptCache":32},{"NativeArray":6480},{"Camera":2118745},{"Secure":265},{"SerializationCache":9256},{"APIUpdating":10320},{"Subsystems":336},{"VirtualTexturing":57888},{"StaticSafetyDebugInfo":278528},{"Analytics":768},{"Hierarchy":1188},{"UIElements":40},{"CoreStats":14456},{"Identifiers":7152},{"Gui":1070275},{"EditorUtility":147584},{"VersionControl":8},{"Undo":931},{"AssetDatabase":2402548},{"AssetImporter":40},{"EditorGi":328},{"UnityConnect":36882},{"Upm":1988},{"UpmDiagnostics":8},{"AssetCompliance":96},{"DrivenProperties":72},{"LocalIPC":223},{"ProfilerEditor":9746},{"CoreBusinessMetrics":3606},{"Windowing":456},{"Licensing":1376},{"AssetReference":32},{"IPCStream":32}]}
