
Server arguments:
  --memory-size 1073741824
  --shared-postfix 119b05e8ccfc7df68794394120814b63
  --working-directory Library/DataStore
  --silent-console
  --shutdown-grace 0
  --client-process-check 0
  --uds-log-file C:/Users/ASUS TUF/Documents/GitHub/Project/My project (1)/Logs/UDS-Service.log
  --debug-log 2
  -name
  Unity.DataStore

Initialising UDS system complete:
  - System type: Service
  - Resource namespace: 119b05e8ccfc7df68794394120814b63
  - Shared memory size: 1073741824
  - Command buffer id: 1052576
  - Command buffer size: 8192
  - Hashmap size: 4194304
Starting Unity Data Store Application
Unity Data Store Application Complete
Shut down UDS service system complete
